12-10 07:45:14.078  1805  1954 W System.err: 	at com.android.okhttp.internal.huc.DelegatingHttpsURLConnection.getOutputStream(DelegatingHttpsURLConnection.java:218)
12-10 07:45:14.078  1805  1954 W System.err: 	at com.android.okhttp.internal.huc.HttpsURLConnectionImpl.getOutputStream(HttpsURLConnectionImpl.java)
12-10 07:45:14.078  1805  1954 W System.err: 	at com.google.android.gms.http.GoogleHttpClient.a(SourceFile:933)
12-10 07:45:14.078  1805  1954 W System.err: 	at com.google.android.gms.http.GoogleHttpClient.a(SourceFile:775)
12-10 07:45:14.078  1805  1954 W System.err: 	at com.google.android.gms.http.GoogleHttpClient.execute(SourceFile:676)
12-10 07:45:14.078  1805  1954 W System.err: 	at com.google.android.gms.http.GoogleHttpClient.execute(SourceFile:660)
12-10 07:45:14.078  1805  1954 W System.err: 	at com.google.r.a.b.a.b.g(SourceFile:126)
12-10 07:45:14.078  1805  1954 W System.err: 	at com.google.r.a.b.a.b.c(SourceFile:172)
12-10 07:45:14.078  1805  1954 W System.err: 	at com.google.y.a.d.run(SourceFile:434)
12-10 07:45:14.078  1805  1954 W System.err: 	at com.google.y.a.c.c(SourceFile:230)
12-10 07:45:14.078  1805  1954 W System.err: 	at com.google.y.a.c.run(SourceFile:204)
12-10 07:45:14.078  1805  1954 W System.err: 	at com.google.r.a.c.b.run(SourceFile:96)
12-10 07:45:14.078  1805  1954 W System.err: Caused by: android.system.ErrnoException: isConnected failed: ECONNREFUSED (Connection refused)
12-10 07:45:14.079  1805  1954 W System.err: 	at libcore.io.IoBridge.isConnected(IoBridge.java:223)
12-10 07:45:14.079  1805  1954 W System.err: 	... 29 more
12-10 07:45:17.284   207   317 I ThermalEngine: TM Id 'SKIN_THERMAL_management_1' Sensor 'xo_therm_pu2' - alarm cleared 3 at 42.0 degC
12-10 07:45:17.284   207   317 I ThermalEngine: ACTION: CPU - Setting CPU[0] to 1574400
12-10 07:45:17.285   207   317 I ThermalEngine: ACTION: CPU - Setting CPU[1] to 1574400
12-10 07:45:17.285   207   317 I ThermalEngine: ACTION: CPU - Setting CPU[2] to 1574400
12-10 07:45:17.285   207   317 I ThermalEngine: ACTION: CPU - Setting CPU[3] to 1574400
12-10 07:45:17.286   207   317 I ThermalEngine: ACTION: LCD - Setting max LCD brightness to 204
12-10 07:45:17.664   784   797 I ActivityManager: Start proc 16448:com.google.android.apps.photos/u0a64 for broadcast com.google.android.apps.photos/.scheduler.AlarmReceiver
12-10 07:45:17.754 16448 16448 W System  : ClassLoader referenced unknown path: /system/app/Photos/lib/arm
12-10 07:45:17.771 15129 16453 W CronetSyncConnectionRcs: Upload content type not set.
12-10 07:45:17.840 15129 16004 W CronetSyncWaitableLstnr: Unknown exception from Cronet.
12-10 07:45:17.840 15129 16004 W CronetSyncWaitableLstnr: java.io.IOException: System error: net::ERR_CONNECTION_REFUSED(-102)
12-10 07:45:17.840 15129 16004 W CronetSyncWaitableLstnr: 	at org.chromium.net.ChromiumUrlRequest.getException(ChromiumUrlRequest.java:185)
12-10 07:45:17.840 15129 16004 W CronetSyncWaitableLstnr: 	at com.google.android.apps.gsa.search.core.j.a.c.f.d(CronetSyncWaitableListener.java:126)
12-10 07:45:17.840 15129 16004 W CronetSyncWaitableLstnr: 	at com.google.android.apps.gsa.search.core.j.a.c.f.c(CronetSyncWaitableListener.java:101)
12-10 07:45:17.840 15129 16004 W CronetSyncWaitableLstnr: 	at com.google.android.apps.gsa.search.core.j.a.c.f.b(CronetSyncWaitableListener.java:84)
12-10 07:45:17.840 15129 16004 W CronetSyncWaitableLstnr: 	at org.chromium.net.ChromiumUrlRequest.finish(ChromiumUrlRequest.java:4501)
12-10 07:45:17.880 15129 16004 W CronetSyncWaitableLstnr: Unknown exception from Cronet.
12-10 07:45:17.880 15129 16004 W CronetSyncWaitableLstnr: java.io.IOException: System error: net::ERR_CONNECTION_REFUSED(-102)
12-10 07:45:17.880 15129 16004 W CronetSyncWaitableLstnr: 	at org.chromium.net.ChromiumUrlRequest.getException(ChromiumUrlRequest.java:185)
12-10 07:45:17.880 15129 16004 W CronetSyncWaitableLstnr: 	at com.google.android.apps.gsa.search.core.j.a.c.f.d(CronetSyncWaitableListener.java:126)
12-10 07:45:17.880 15129 16004 W CronetSyncWaitableLstnr: 	at com.google.android.apps.gsa.search.core.j.a.c.f.b(CronetSyncWaitableListener.java:91)
12-10 07:45:17.880 15129 16004 W CronetSyncWaitableLstnr: 	at org.chromium.net.ChromiumUrlRequest.finish(ChromiumUrlRequest.java:4501)
12-10 07:45:17.881 15129 16453 W EventLoggerService: Unable to send logs
12-10 07:45:17.881 15129 16453 W EventLoggerService: com.google.android.apps.gsa.shared.exception.GsaIOException: Error code: 65580 | Error code: 655369
12-10 07:45:17.881 15129 16453 W EventLoggerService: 	at com.google.android.apps.gsa.speech.i.b.a(S3LogSender.java:146)
12-10 07:45:17.881 15129 16453 W EventLoggerService: 	at com.google.android.apps.gsa.speech.i.b.br(S3LogSender.java:79)
12-10 07:45:17.881 15129 16453 W EventLoggerService: 	at com.google.android.apps.gsa.eventlogger.EventLoggerService.a(EventLoggerService.java:575)
12-10 07:45:17.881 15129 16453 W EventLoggerService: 	at com.google.android.apps.gsa.eventlogger.EventLoggerService.i(EventLoggerService.java:320)
12-10 07:45:17.881 15129 16453 W EventLoggerService: 	at com.google.android.apps.gsa.eventlogger.EventLoggerService.gB(EventLoggerService.java:245)
12-10 07:45:17.881 15129 16453 W EventLoggerService: 	at com.google.android.apps.gsa.eventlogger.EventLoggerService.onHandleIntent(EventLoggerService.java:236)
12-10 07:45:17.881 15129 16453 W EventLoggerService: 	at android.app.IntentService$ServiceHandler.handleMessage(IntentService.java:66)
12-10 07:45:17.881 15129 16453 W EventLoggerService: 	at android.os.Handler.dispatchMessage(Handler.java:102)
12-10 07:45:17.881 15129 16453 W EventLoggerService: 	at android.os.Looper.loop(Looper.java:148)
12-10 07:45:17.881 15129 16453 W EventLoggerService: 	at android.os.HandlerThread.run(HandlerThread.java:61)
12-10 07:45:17.881 15129 16453 W EventLoggerService: Caused by: com.google.android.apps.gsa.shared.exception.GsaIOException: Error code: 655369
12-10 07:45:17.881 15129 16453 W EventLoggerService: 	at com.google.android.apps.gsa.search.core.j.n.a(HttpLogEntry.java:84)
12-10 07:45:17.881 15129 16453 W EventLoggerService: 	at com.google.android.apps.gsa.search.core.j.a.c.e.a(CronetSyncResponseInfo.java:51)
12-10 07:45:17.881 15129 16453 W EventLoggerService: 	at com.google.android.apps.gsa.search.core.j.a.c.c.a(CronetSyncHttpEngine.java:178)
12-10 07:45:17.881 15129 16453 W EventLoggerService: 	at com.google.android.apps.gsa.search.core.j.a.c.c.a(CronetSyncHttpEngine.java:39)
12-10 07:45:17.881 15129 16453 W EventLoggerService: 	at com.google.android.apps.gsa.search.core.j.m.aac(HttpConnectionImpl.java:165)
12-10 07:45:17.881 15129 16453 W EventLoggerService: 	at com.google.android.apps.gsa.search.core.j.m.a(HttpConnectionImpl.java:158)
12-10 07:45:17.881 15129 16453 W EventLoggerService: 	at com.google.android.apps.gsa.j.a.a.b(S3RequestStream.java:66)
12-10 07:45:17.881 15129 16453 W EventLoggerService: 	at com.google.android.apps.gsa.j.a.a.a(S3RequestStream.java:52)
12-10 07:45:17.881 15129 16453 W EventLoggerService: 	at com.google.android.apps.gsa.speech.i.b.a(S3LogSender.java:144)
12-10 07:45:17.881 15129 16453 W EventLoggerService: 	... 9 more
12-10 07:45:17.881 15129 16453 W ErrorReporter: reportError [type: 211, code: 65580]: Error code: 65580 | Error code: 655369
12-10 07:45:17.899 15473 15509 D Finsky  : [1400] AppStatesReplicator.handleContentSyncResponse: Completed 0 account content syncs with 0 successful.
12-10 07:45:17.900 15473 15473 D Finsky  : [1] ContentSyncService$5.onFinished: Installation state replication succeeded.
12-10 07:45:17.962  1596 16482 I EventLogService: Opted in for usage reporting
12-10 07:45:17.962  1596 16482 I EventLogService: Aggregate from 1544444117421 (log), 1544444117421 (data)
12-10 07:45:18.158   784  1663 I ActivityManager: Killing 9156:com.google.android.youtube/u0a80 (adj 15): empty #17
12-10 07:45:18.324   784   978 D ActivityManager: cleanUpApplicationRecord -- 9156
12-10 07:45:25.910   784 11731 D NetlinkSocketObserver: NeighborEvent{elapsedMs=358118622, 192.168.50.1, [704D7B514A20], RTM_NEWNEIGH, NUD_STALE}
12-10 07:45:31.532   784 11731 D NetlinkSocketObserver: NeighborEvent{elapsedMs=358124243, 192.168.50.1, [704D7B514A20], RTM_NEWNEIGH, NUD_PROBE}
12-10 07:45:47.312   207   317 I ThermalEngine: TM Id 'SKIN_THERMAL_management_1' Sensor 'xo_therm_pu2' - alarm cleared 2 at 40.0 degC
12-10 07:45:47.312   207   317 I ThermalEngine: ACTION: CPU - Setting CPU[0] to 1958400
12-10 07:45:47.313   207   317 I ThermalEngine: ACTION: CPU - Setting CPU[1] to 1958400
12-10 07:45:47.313   207   317 I ThermalEngine: ACTION: CPU - Setting CPU[2] to 1958400
12-10 07:45:47.313   207   317 I ThermalEngine: ACTION: CPU - Setting CPU[3] to 1958400
12-10 07:45:47.314   207   317 I ThermalEngine: ACTION: LCD - Setting max LCD brightness to 229
12-10 07:45:50.350   784 11731 D NetlinkSocketObserver: NeighborEvent{elapsedMs=358143062, 192.168.50.1, [704D7B514A20], RTM_NEWNEIGH, NUD_STALE}
12-10 07:45:56.611   784 11731 D NetlinkSocketObserver: NeighborEvent{elapsedMs=358149323, 192.168.50.1, [704D7B514A20], RTM_NEWNEIGH, NUD_PROBE}
12-10 07:46:06.193  1439  4271 I Keyboard.Facilitator.LanguageModelFlusher: run()
12-10 07:46:06.193  1439  4271 I Keyboard.Facilitator: flushDynamicLanguageModels()
12-10 07:46:06.210  1109  1109 I ConfigService: onCreate
12-10 07:46:07.323   207   317 I ThermalEngine: TM Id 'battery_LCD_monitor' Sensor 'batt_therm' - alarm cleared 5 at 350.0 degC
12-10 07:46:07.323   207   317 I ThermalEngine: TM Id 'battery_LCD_monitor' Sensor 'batt_therm' - alarm cleared 4 at 350.0 degC
12-10 07:46:07.323   207   317 E ThermalEngine: override action 5000
12-10 07:46:07.323   207   317 E ThermalEngine: Thermal-Server: Thermal received msg override 5000
12-10 07:46:07.323   207   317 E ThermalEngine: override_notify : SS mode 1 override 5000
12-10 07:46:11.245  1109  1109 I ConfigService: onDestroy
12-10 07:46:15.430   784 11731 D NetlinkSocketObserver: NeighborEvent{elapsedMs=358168142, 192.168.50.1, [704D7B514A20], RTM_NEWNEIGH, NUD_STALE}
12-10 07:46:21.330   784 11731 D NetlinkSocketObserver: NeighborEvent{elapsedMs=358174043, 192.168.50.1, [704D7B514A20], RTM_NEWNEIGH, NUD_PROBE}
12-10 07:46:37.360   207   317 I ThermalEngine: TM Id 'SKIN_THERMAL_management_1' Sensor 'xo_therm_pu2' - alarm cleared 1 at 38.0 degC
12-10 07:46:37.361   207   317 I ThermalEngine: ACTION: CPU - Setting CPU[0] to 2265600
12-10 07:46:37.361   207   317 I ThermalEngine: ACTION: CPU - Setting CPU[1] to 2265600
12-10 07:46:37.361   207   317 I ThermalEngine: ACTION: CPU - Setting CPU[2] to 2265600
12-10 07:46:37.361   207   317 I ThermalEngine: ACTION: CPU - Setting CPU[3] to 2265600
12-10 07:46:37.362   207   317 I ThermalEngine: ACTION: LCD - Setting max LCD brightness to 255
12-10 07:46:38.836   784   879 I ActivityManager: START u0 {act=android.intent.action.MAIN cat=[android.intent.category.HOME] flg=0x10200000 cmp=com.google.android.googlequicksearchbox/com.google.android.launcher.GEL (has extras)} from uid 1000 on display 0
12-10 07:46:38.864   197   821 D audio_hw_primary: out_set_parameters: enter: usecase(1: low-latency-playback) kvpairs: routing=2
12-10 07:46:38.874   197   821 D audio_hw_primary: select_devices: out_snd_device(2: speaker) in_snd_device(0: none)
12-10 07:46:38.874   197   821 D msm8974_platform: platform_send_audio_calibration: sending audio calibration for snd_device(2) acdb_id(15)
12-10 07:46:38.874   197   821 D audio_hw_primary: enable_snd_device: snd_device(2: speaker)
12-10 07:46:38.886   197   821 D audio_hw_primary: enable_audio_route: apply and update mixer path: low-latency-playback
12-10 07:46:38.905  1508  1508 I GEL     : handleIntent(Intent { act=android.intent.action.MAIN cat=[android.intent.category.HOME] flg=0x10600000 cmp=com.google.android.googlequicksearchbox/com.google.android.launcher.GEL (has extras) })
12-10 07:46:38.938  1716  1716 W Binder_A: type=1400 audit(0.0:8162): avc: denied { ioctl } for path="socket:[17428]" dev="sockfs" ino=17428 ioctlcmd=7704 scontext=u:r:system_server:s0 tcontext=u:r:system_server:s0 tclass=unix_stream_socket permissive=0
12-10 07:46:38.948  1716  1716 W Binder_A: type=1400 audit(0.0:8163): avc: denied { ioctl } for path="socket:[17428]" dev="sockfs" ino=17428 ioctlcmd=7704 scontext=u:r:system_server:s0 tcontext=u:r:system_server:s0 tclass=unix_stream_socket permissive=0
12-10 07:46:38.959  1439  1439 I Keyboard.Facilitator: onFinishInput()
12-10 07:46:38.985 15129 15129 W ThreadPoolDumper: Queue length for executor AudioRouter with 1 threads is now 8. Perhaps some tasks are too long, or the pool is too small.
12-10 07:46:39.009 15129 15129 W LocationOracleImpl: Best location was null
12-10 07:46:39.013   784   793 I art     : Background partial concurrent mark sweep GC freed 21121(1205KB) AllocSpace objects, 5(116KB) LOS objects, 33% free, 30MB/46MB, paused 3.061ms total 154.192ms
12-10 07:46:39.033 15129 16544 I MicroRecognitionRnrImpl: Starting detection.
12-10 07:46:39.035 15129 16545 I MicrophoneInputStream: mic_starting com.google.android.apps.gsa.speech.audio.x@d0c47c8
12-10 07:46:39.040   197 16547 I AudioFlinger: AudioFlinger's thread 0xb28c0000 ready to run
12-10 07:46:39.047 15129 16545 I MicrophoneInputStream: mic_started com.google.android.apps.gsa.speech.audio.x@d0c47c8
12-10 07:46:39.056   197 16547 D audio_hw_primary: select_devices: out_snd_device(0: none) in_snd_device(61: voice-rec-mic)
12-10 07:46:39.056   197 16547 D msm8974_platform: platform_send_audio_calibration: sending audio calibration for snd_device(61) acdb_id(62)
12-10 07:46:39.056   197 16547 D         : Failed to fetch the lookup information of the device 0000003E 
12-10 07:46:39.056   197 16547 E ACDB-LOADER: Error: ACDB AudProc vol returned = -19
12-10 07:46:39.056   197 16547 D audio_hw_primary: enable_snd_device: snd_device(61: voice-rec-mic)
12-10 07:46:39.060   197 16547 D audio_hw_primary: enable_audio_route: apply and update mixer path: audio-record
12-10 07:46:39.070  1805  1892 W GCoreFlp: No location to return for getLastLocation()
12-10 07:46:39.084  1805  1892 W GCoreFlp: No location to return for getLastLocation()
12-10 07:46:39.088  1805  1892 W GCoreFlp: No location to return for getLastLocation()
12-10 07:46:39.114  1805  1892 D GCoreFlp: FLP HAL exists but batch size is <= 0.  Disabling FLP HAL.
12-10 07:46:39.120   784  1541 D WifiService: acquireWifiLockLocked: WifiLock{NlpWifiLock type=2 binder=android.os.BinderProxy@a2663ed}
12-10 07:46:39.121   784   906 D wifi    : Initialized common fields 10000, 16, 100, 10
12-10 07:46:39.121   784   906 D wifi    : bucket[0] = 2:3:10000:2
12-10 07:46:39.123  1805  1892 W GCoreFlp: No location to return for getLastLocation()
12-10 07:46:39.135 15129 15129 I HotwordWorkerImpl: onReady
12-10 07:46:39.150   784  1716 D WifiService: releaseWifiLockLocked: WifiLock{NlpWifiLock type=2 binder=android.os.BinderProxy@a2663ed}
12-10 07:46:39.152   784   980 D WifiService: acquireWifiLockLocked: WifiLock{NlpWifiLock type=2 binder=android.os.BinderProxy@a2663ed}
12-10 07:46:39.154   784   906 D WifiScanningService: Pending scan removed, handler=337, period=0
12-10 07:46:39.159   784   906 D wifi    : Initialized common fields 10000, 16, 100, 10
12-10 07:46:39.160   784   906 D wifi    : bucket[0] = 2:3:10000:2
12-10 07:46:39.163   784  1663 D WifiService: releaseWifiLockLocked: WifiLock{NlpWifiLock type=2 binder=android.os.BinderProxy@a2663ed}
12-10 07:46:39.242   784   895 D WifiService: New client listening to asynchronous messages
12-10 07:46:39.245 16280 16280 W System.err: java.lang.SecurityException: getDeviceId: Neither user 10092 nor current process has android.permission.READ_PHONE_STATE.
12-10 07:46:39.245 16280 16280 W System.err: 	at android.os.Parcel.readException(Parcel.java:1620)
12-10 07:46:39.245 16280 16280 W System.err: 	at android.os.Parcel.readException(Parcel.java:1573)
12-10 07:46:39.245 16280 16280 W System.err: 	at com.android.internal.telephony.ITelephony$Stub$Proxy.getDeviceId(ITelephony.java:4207)
12-10 07:46:39.245 16280 16280 W System.err: 	at android.telephony.TelephonyManager.getDeviceId(TelephonyManager.java:706)
12-10 07:46:39.245 16280 16280 W System.err: 	at com.tencent.smtt.utils.b.c(Unknown Source)
12-10 07:46:39.245 16280 16280 W System.err: 	at com.tencent.smtt.sdk.a.b.a(Unknown Source)
12-10 07:46:39.245 16280 16280 W System.err: 	at com.tencent.smtt.sdk.WebView.onVisibilityChanged(Unknown Source)
12-10 07:46:39.245 16280 16280 W System.err: 	at android.view.View.dispatchVisibilityChanged(View.java:9585)
12-10 07:46:39.245 16280 16280 W System.err: 	at android.view.ViewGroup.dispatchVisibilityChanged(ViewGroup.java:1292)
12-10 07:46:39.246 16280 16280 W System.err: 	at android.view.ViewGroup.dispatchVisibilityChanged(ViewGroup.java:1296)
12-10 07:46:39.246 16280 16280 W System.err: 	at android.view.ViewGroup.dispatchVisibilityChanged(ViewGroup.java:1296)
12-10 07:46:39.246 16280 16280 W System.err: 	at android.view.ViewGroup.dispatchVisibilityChanged(ViewGroup.java:1296)
12-10 07:46:39.246 16280 16280 W System.err: 	at android.view.ViewGroup.dispatchVisibilityChanged(ViewGroup.java:1296)
12-10 07:46:39.246 16280 16280 W System.err: 	at android.view.ViewGroup.dispatchVisibilityChanged(ViewGroup.java:1296)
12-10 07:46:39.247 16280 16280 W System.err: 	at android.view.ViewGroup.dispatchVisibilityChanged(ViewGroup.java:1296)
12-10 07:46:39.247 16280 16280 W System.err: 	at android.view.View.setFlags(View.java:10646)
12-10 07:46:39.247 16280 16280 W System.err: 	at android.view.View.setVisibility(View.java:7431)
12-10 07:46:39.247 16280 16280 W System.err: 	at android.app.ActivityThread.updateVisibility(ActivityThread.java:3539)
12-10 07:46:39.247 16280 16280 W System.err: 	at android.app.ActivityThread.handleStopActivity(ActivityThread.java:3556)
12-10 07:46:39.247 16280 16280 W System.err: 	at android.app.ActivityThread.-wrap20(ActivityThread.java)
12-10 07:46:39.247 16280 16280 W System.err: 	at android.app.ActivityThread$H.handleMessage(ActivityThread.java:1373)
12-10 07:46:39.248 16280 16280 W System.err: 	at android.os.Handler.dispatchMessage(Handler.java:102)
12-10 07:46:39.248 16280 16280 W System.err: 	at android.os.Looper.loop(Looper.java:148)
12-10 07:46:39.249 16280 16280 W System.err: 	at android.app.ActivityThread.main(ActivityThread.java:5417)
12-10 07:46:39.249 16280 16280 W System.err: 	at java.lang.reflect.Method.invoke(Native Method)
12-10 07:46:39.249 16280 16280 W System.err: 	at com.android.internal.os.ZygoteInit$MethodAndArgsCaller.run(ZygoteInit.java:726)
12-10 07:46:39.249 16280 16280 W System.err: 	at com.android.internal.os.ZygoteInit.main(ZygoteInit.java:616)
12-10 07:46:39.253 16280 16280 W System.err: java.lang.SecurityException: getSubscriberId: Neither user 10092 nor current process has android.permission.READ_PHONE_STATE.
12-10 07:46:39.253 16280 16280 W System.err: 	at android.os.Parcel.readException(Parcel.java:1620)
12-10 07:46:39.254 16280 16280 W System.err: 	at android.os.Parcel.readException(Parcel.java:1573)
12-10 07:46:39.254 16280 16280 W System.err: 	at com.android.internal.telephony.IPhoneSubInfo$Stub$Proxy.getSubscriberIdForSubscriber(IPhoneSubInfo.java:560)
12-10 07:46:39.254 16280 16280 W System.err: 	at android.telephony.TelephonyManager.getSubscriberId(TelephonyManager.java:2013)
12-10 07:46:39.254 16280 16280 W System.err: 	at android.telephony.TelephonyManager.getSubscriberId(TelephonyManager.java:1994)
12-10 07:46:39.254 16280 16280 W System.err: 	at com.tencent.smtt.utils.b.d(Unknown Source)
12-10 07:46:39.254 16280 16280 W System.err: 	at com.tencent.smtt.sdk.a.b.a(Unknown Source)
12-10 07:46:39.254 16280 16280 W System.err: 	at com.tencent.smtt.sdk.WebView.onVisibilityChanged(Unknown Source)
12-10 07:46:39.254 16280 16280 W System.err: 	at android.view.View.dispatchVisibilityChanged(View.java:9585)
12-10 07:46:39.254 16280 16280 W System.err: 	at android.view.ViewGroup.dispatchVisibilityChanged(ViewGroup.java:1292)
12-10 07:46:39.254 16280 16280 W System.err: 	at android.view.ViewGroup.dispatchVisibilityChanged(ViewGroup.java:1296)
12-10 07:46:39.254 16280 16280 W System.err: 	at android.view.ViewGroup.dispatchVisibilityChanged(ViewGroup.java:1296)
12-10 07:46:39.254 16280 16280 W System.err: 	at android.view.ViewGroup.dispatchVisibilityChanged(ViewGroup.java:1296)
12-10 07:46:39.254 16280 16280 W System.err: 	at android.view.ViewGroup.dispatchVisibilityChanged(ViewGroup.java:1296)
12-10 07:46:39.254 16280 16280 W System.err: 	at android.view.ViewGroup.dispatchVisibilityChanged(ViewGroup.java:1296)
12-10 07:46:39.254 16280 16280 W System.err: 	at android.view.ViewGroup.dispatchVisibilityChanged(ViewGroup.java:1296)
12-10 07:46:39.254 16280 16280 W System.err: 	at android.view.View.setFlags(View.java:10646)
12-10 07:46:39.254 16280 16280 W System.err: 	at android.view.View.setVisibility(View.java:7431)
12-10 07:46:39.254 16280 16280 W System.err: 	at android.app.ActivityThread.updateVisibility(ActivityThread.java:3539)
12-10 07:46:39.254 16280 16280 W System.err: 	at android.app.ActivityThread.handleStopActivity(ActivityThread.java:3556)
12-10 07:46:39.254 16280 16280 W System.err: 	at android.app.ActivityThread.-wrap20(ActivityThread.java)
12-10 07:46:39.254 16280 16280 W System.err: 	at android.app.ActivityThread$H.handleMessage(ActivityThread.java:1373)
12-10 07:46:39.254 16280 16280 W System.err: 	at android.os.Handler.dispatchMessage(Handler.java:102)
12-10 07:46:39.254 16280 16280 W System.err: 	at android.os.Looper.loop(Looper.java:148)
12-10 07:46:39.254 16280 16280 W System.err: 	at android.app.ActivityThread.main(ActivityThread.java:5417)
12-10 07:46:39.254 16280 16280 W System.err: 	at java.lang.reflect.Method.invoke(Native Method)
12-10 07:46:39.254 16280 16280 W System.err: 	at com.android.internal.os.ZygoteInit$MethodAndArgsCaller.run(ZygoteInit.java:726)
12-10 07:46:39.254 16280 16280 W System.err: 	at com.android.internal.os.ZygoteInit.main(ZygoteInit.java:616)
12-10 07:46:39.474  1508  1775 W OpenGLRenderer: Incorrectly called buildLayer on View: ShortcutAndWidgetContainer, destroying layer...
12-10 07:46:42.096   197   821 D audio_hw_primary: disable_audio_route: reset and update mixer path: low-latency-playback
12-10 07:46:42.096   197   821 D audio_hw_primary: disable_snd_device: snd_device(2: speaker)
12-10 07:46:42.975   784  1541 I ActivityManager: START u0 {act=android.intent.action.MAIN cat=[android.intent.category.LAUNCHER] flg=0x10200000 pkg=com.android.chrome cmp=com.android.chrome/com.google.android.apps.chrome.Main bnds=[648,1532][849,1784] (has extras)} from uid 10026 on display 0
12-10 07:46:42.988 15129 15151 W SearchService: Abort, client detached.
12-10 07:46:42.993   197   821 D audio_hw_primary: out_set_parameters: enter: usecase(1: low-latency-playback) kvpairs: routing=2
12-10 07:46:42.996 15129 15129 I HotwordDetector: Closing mic
12-10 07:46:42.996 15129 15279 I MicrophoneInputStream: mic_close com.google.android.apps.gsa.speech.audio.x@d0c47c8
12-10 07:46:42.997 15129 16545 E AudioRecord-JNI: Error -4 during AudioRecord native read
12-10 07:46:43.014   197   821 D audio_hw_primary: select_devices: out_snd_device(2: speaker) in_snd_device(0: none)
12-10 07:46:43.014   197   821 D msm8974_platform: platform_send_audio_calibration: sending audio calibration for snd_device(2) acdb_id(15)
12-10 07:46:43.014   197   821 D audio_hw_primary: enable_snd_device: snd_device(2: speaker)
12-10 07:46:43.016   197   821 D audio_hw_primary: enable_audio_route: apply and update mixer path: low-latency-playback
12-10 07:46:43.064   197 16547 D audio_hw_primary: disable_audio_route: reset and update mixer path: audio-record
12-10 07:46:43.064   197 16547 D audio_hw_primary: disable_snd_device: snd_device(61: voice-rec-mic)
12-10 07:46:43.066   197   821 D AudioFlinger: mixer(0xb4140000) throttle end: throttle time(10)
12-10 07:46:43.067  1805  1892 D GCoreFlp: FLP HAL exists but batch size is <= 0.  Disabling FLP HAL.
12-10 07:46:43.072 15129 16544 I MicroRecognitionRnrImpl: Detection finished
12-10 07:46:43.072 15129 15295 I MicroRecognitionRnrImpl: Stopping hotword detection.
12-10 07:46:43.128  1127  1127 W Binder_6: type=1400 audit(0.0:8164): avc: denied { ioctl } for path="socket:[391748]" dev="sockfs" ino=391748 ioctlcmd=7704 scontext=u:r:system_server:s0 tcontext=u:r:system_server:s0 tclass=unix_stream_socket permissive=0
12-10 07:46:43.138  1127  1127 W Binder_6: type=1400 audit(0.0:8165): avc: denied { ioctl } for path="socket:[391748]" dev="sockfs" ino=391748 ioctlcmd=7704 scontext=u:r:system_server:s0 tcontext=u:r:system_server:s0 tclass=unix_stream_socket permissive=0
12-10 07:46:43.142  1439  1439 I Keyboard.Facilitator: onFinishInput()
12-10 07:46:43.147  1439  1439 I Keyboard.Facilitator: onStartInput()
12-10 07:46:43.166  1439  1439 I LatinIME: Starting input. Cursor position = 0,0
12-10 07:46:43.219  1439  1439 I Keyboard.Facilitator: resetDictionaries() : no-op
12-10 07:46:43.219  1439  1439 I StatsUtilsManager: onLoadSettings()
12-10 07:46:45.540   784   896 D ConnectivityService: notifyType CAP_CHANGED for NetworkAgentInfo [WIFI () - 105]
12-10 07:46:46.206   197   821 D audio_hw_primary: disable_audio_route: reset and update mixer path: low-latency-playback
12-10 07:46:46.206   197   821 D audio_hw_primary: disable_snd_device: snd_device(2: speaker)
12-10 07:46:48.042  4334  4334 D DelayedSyncController: No delayed sync.
12-10 07:46:48.358  1541  1541 W Binder_7: type=1400 audit(0.0:8166): avc: denied { ioctl } for path="socket:[391748]" dev="sockfs" ino=391748 ioctlcmd=7704 scontext=u:r:system_server:s0 tcontext=u:r:system_server:s0 tclass=unix_stream_socket permissive=0
12-10 07:46:48.371   784  1667 I ActivityManager: Start proc 16617:com.android.chrome:sandboxed_process2/u0i4 for service com.android.chrome/org.chromium.content.app.SandboxedProcessService2
12-10 07:46:48.358  1541  1541 W Binder_7: type=1400 audit(0.0:8167): avc: denied { ioctl } for path="socket:[391748]" dev="sockfs" ino=391748 ioctlcmd=7704 scontext=u:r:system_server:s0 tcontext=u:r:system_server:s0 tclass=unix_stream_socket permissive=0
12-10 07:46:48.448 16638 16638 W com.android.chrome:sandboxed_process2: type=1400 audit(0.0:8168): avc: denied { search } for comm=4173796E635461736B202331 name="com.android.chrome" dev="mmcblk0p28" ino=1474619 scontext=u:r:isolated_app:s0:c512,c768 tcontext=u:object_r:app_data_file:s0:c512,c768 tclass=dir permissive=0
12-10 07:46:48.448 16638 16638 W com.android.chrome:sandboxed_process2: type=1400 audit(0.0:8169): avc: denied { search } for comm=4173796E635461736B202331 name="com.android.chrome" dev="mmcblk0p28" ino=1474619 scontext=u:r:isolated_app:s0:c512,c768 tcontext=u:object_r:app_data_file:s0:c512,c768 tclass=dir permissive=0
12-10 07:46:48.448 16638 16638 W com.android.chrome:sandboxed_process2: type=1400 audit(0.0:8170): avc: denied { search } for comm=4173796E635461736B202331 name="com.android.chrome" dev="mmcblk0p28" ino=1474619 scontext=u:r:isolated_app:s0:c512,c768 tcontext=u:object_r:app_data_file:s0:c512,c768 tclass=dir permissive=0
12-10 07:46:48.459 16617 16638 W FileUtils: Failed to chmod(/data/user/0/com.android.chrome/app_chrome): android.system.ErrnoException: chmod failed: EACCES (Permission denied)
12-10 07:46:48.458 16638 16638 W com.android.chrome:sandboxed_process2: type=1400 audit(0.0:8171): avc: denied { search } for comm=4173796E635461736B202331 name="com.android.chrome" dev="mmcblk0p28" ino=1474619 scontext=u:r:isolated_app:s0:c512,c768 tcontext=u:object_r:app_data_file:s0:c512,c768 tclass=dir permissive=0
12-10 07:46:48.458 16638 16638 W com.android.chrome:sandboxed_process2: type=1400 audit(0.0:8172): avc: denied { search } for comm=4173796E635461736B202331 name="com.android.chrome" dev="mmcblk0p28" ino=1474619 scontext=u:r:isolated_app:s0:c512,c768 tcontext=u:object_r:app_data_file:s0:c512,c768 tclass=dir permissive=0
12-10 07:46:48.458 16638 16638 W com.android.chrome:sandboxed_process2: type=1400 audit(0.0:8173): avc: denied { search } for comm=4173796E635461736B202331 name="com.android.chrome" dev="mmcblk0p28" ino=1474619 scontext=u:r:isolated_app:s0:c512,c768 tcontext=u:object_r:app_data_file:s0:c512,c768 tclass=dir permissive=0
12-10 07:46:48.461 16617 16638 W ContextImpl: Unable to create files subdir /data/user/0/com.android.chrome/cache
12-10 07:46:48.462  1439  1439 I Keyboard.Facilitator: onFinishInput()
12-10 07:46:48.465 16617 16617 I ChildProcessService: Creating new ChildProcessService pid=16617
12-10 07:46:48.488  4334  4334 W .android.chrome: type=1400 audit(0.0:8174): avc: denied { ioctl } for path="socket:[499500]" dev="sockfs" ino=499500 ioctlcmd=7704 scontext=u:r:untrusted_app:s0:c512,c768 tcontext=u:r:untrusted_app:s0:c512,c768 tclass=unix_stream_socket permissive=0
12-10 07:46:48.488 16629 16629 W Binder_2: type=1400 audit(0.0:8175): avc: denied { ioctl } for path="socket:[499500]" dev="sockfs" ino=499500 ioctlcmd=7704 scontext=u:r:isolated_app:s0:c512,c768 tcontext=u:r:untrusted_app:s0:c512,c768 tclass=unix_stream_socket permissive=0
12-10 07:46:48.488 16629 16629 W Binder_2: type=1400 audit(0.0:8176): avc: denied { ioctl } for path="/data/data/com.android.chrome/app_chrome/natives_blob.bin" dev="mmcblk0p28" ino=1475370 ioctlcmd=7704 scontext=u:r:isolated_app:s0:c512,c768 tcontext=u:object_r:app_data_file:s0:c512,c768 tclass=file permissive=0
12-10 07:46:48.488 16629 16629 W Binder_2: type=1400 audit(0.0:8177): avc: denied { ioctl } for path="/data/data/com.android.chrome/app_chrome/snapshot_blob.bin" dev="mmcblk0p28" ino=1475422 ioctlcmd=7704 scontext=u:r:isolated_app:s0:c512,c768 tcontext=u:object_r:app_data_file:s0:c512,c768 tclass=file permissive=0
12-10 07:46:48.488 16629 16629 W Binder_2: type=1400 audit(0.0:8178): avc: denied { ioctl } for path="/data/data/com.android.chrome/app_chrome/paks/chrome_100_percent.pak" dev="mmcblk0p28" ino=1474958 ioctlcmd=7704 scontext=u:r:isolated_app:s0:c512,c768 tcontext=u:object_r:app_data_file:s0:c512,c768 tclass=file permissive=0
12-10 07:46:48.488 16629 16629 W Binder_2: type=1400 audit(0.0:8179): avc: denied { ioctl } for path="/data/data/com.android.chrome/app_chrome/paks/en-US.pak" dev="mmcblk0p28" ino=1475254 ioctlcmd=7704 scontext=u:r:isolated_app:s0:c512,c768 tcontext=u:object_r:app_data_file:s0:c512,c768 tclass=file permissive=0
12-10 07:46:48.488 16629 16629 W Binder_2: type=1400 audit(0.0:8180): avc: denied { ioctl } for path="/data/data/com.android.chrome/app_chrome/paks/resources.pak" dev="mmcblk0p28" ino=1475411 ioctlcmd=7704 scontext=u:r:isolated_app:s0:c512,c768 tcontext=u:object_r:app_data_file:s0:c512,c768 tclass=file permissive=0
12-10 07:46:48.488 16629 16629 W Binder_2: type=1400 audit(0.0:8181): avc: denied { ioctl } for path="/data/data/com.android.chrome/cache/.com.google.Chrome.nAwgEP" dev="mmcblk0p28" ino=1476283 ioctlcmd=7704 scontext=u:r:isolated_app:s0:c512,c768 tcontext=u:object_r:app_data_file:s0:c512,c768 tclass=file permissive=0
12-10 07:46:48.488 16629 16629 W Binder_2: type=1400 audit(0.0:8182): avc: denied { ioctl } for path="/data/data/com.android.chrome/app_chrome/icudtl.dat" dev="mmcblk0p28" ino=1475321 ioctlcmd=7704 scontext=u:r:isolated_app:s0:c512,c768 tcontext=u:object_r:app_data_file:s0:c512,c768 tclass=file permissive=0
12-10 07:46:48.488 16629 16629 W Binder_2: type=1400 audit(0.0:8183): avc: denied { ioctl } for path="/data/data/com.android.chrome/app_chrome/icudtl.dat" dev="mmcblk0p28" ino=1475321 ioctlcmd=7704 scontext=u:r:isolated_app:s0:c512,c768 tcontext=u:object_r:app_data_file:s0:c512,c768 tclass=file permissive=0
12-10 07:46:48.488 16629 16629 W Binder_2: type=1400 audit(0.0:8184): avc: denied { ioctl } for path="/data/data/com.android.chrome/cache/.com.google.Chrome.nAwgEP" dev="mmcblk0p28" ino=1476283 ioctlcmd=7704 scontext=u:r:isolated_app:s0:c512,c768 tcontext=u:object_r:app_data_file:s0:c512,c768 tclass=file permissive=0
12-10 07:46:48.488 16629 16629 W Binder_2: type=1400 audit(0.0:8185): avc: denied { ioctl } for path="/data/data/com.android.chrome/app_chrome/paks/resources.pak" dev="mmcblk0p28" ino=1475411 ioctlcmd=7704 scontext=u:r:isolated_app:s0:c512,c768 tcontext=u:object_r:app_data_file:s0:c512,c768 tclass=file permissive=0
12-10 07:46:48.488 16629 16629 W Binder_2: type=1400 audit(0.0:8186): avc: denied { ioctl } for path="/data/data/com.android.chrome/app_chrome/paks/en-US.pak" dev="mmcblk0p28" ino=1475254 ioctlcmd=7704 scontext=u:r:isolated_app:s0:c512,c768 tcontext=u:object_r:app_data_file:s0:c512,c768 tclass=file permissive=0
12-10 07:46:48.488 16629 16629 W Binder_2: type=1400 audit(0.0:8187): avc: denied { ioctl } for path="/data/data/com.android.chrome/app_chrome/paks/chrome_100_percent.pak" dev="mmcblk0p28" ino=1474958 ioctlcmd=7704 scontext=u:r:isolated_app:s0:c512,c768 tcontext=u:object_r:app_data_file:s0:c512,c768 tclass=file permissive=0
12-10 07:46:48.488 16629 16629 W Binder_2: type=1400 audit(0.0:8188): avc: denied { ioctl } for path="/data/data/com.android.chrome/app_chrome/snapshot_blob.bin" dev="mmcblk0p28" ino=1475422 ioctlcmd=7704 scontext=u:r:isolated_app:s0:c512,c768 tcontext=u:object_r:app_data_file:s0:c512,c768 tclass=file permissive=0
12-10 07:46:48.488 16629 16629 W Binder_2: type=1400 audit(0.0:8189): avc: denied { ioctl } for path="/data/data/com.android.chrome/app_chrome/natives_blob.bin" dev="mmcblk0p28" ino=1475370 ioctlcmd=7704 scontext=u:r:isolated_app:s0:c512,c768 tcontext=u:object_r:app_data_file:s0:c512,c768 tclass=file permissive=0
12-10 07:46:48.488 16629 16629 W Binder_2: type=1400 audit(0.0:8190): avc: denied { ioctl } for path="socket:[499500]" dev="sockfs" ino=499500 ioctlcmd=7704 scontext=u:r:isolated_app:s0:c512,c768 tcontext=u:r:untrusted_app:s0:c512,c768 tclass=unix_stream_socket permissive=0
12-10 07:46:48.508  4334  4334 W .android.chrome: type=1400 audit(0.0:8191): avc: denied { ioctl } for path="socket:[499500]" dev="sockfs" ino=499500 ioctlcmd=7704 scontext=u:r:untrusted_app:s0:c512,c768 tcontext=u:r:untrusted_app:s0:c512,c768 tclass=unix_stream_socket permissive=0
12-10 07:46:48.518 16617 16644 I LibraryLoader: Loading chrome directly from within /system/app/Chrome/Chrome.apk
12-10 07:46:48.558   784   896 D ConnectivityService: notifyType CAP_CHANGED for NetworkAgentInfo [WIFI () - 105]
12-10 07:46:48.620 16617 16644 I LibraryLoader: Time to load native libraries: 108 ms (timestamps 6202-6310)
12-10 07:46:48.621 16617 16644 I LibraryLoader: Expected native library version number "44.0.2403.133",actual native library version number "44.0.2403.133"
12-10 07:46:48.623 16617 16644 I chromium: [INFO:library_loader_hooks.cc(120)] Chromium logging enabled: level = 0, default verbosity = 0
12-10 07:46:49.149  4381  4453 W chromium: [WARNING:channel.cc(549)] Failed to send message to ack remove remote endpoint (local ID 1, remote ID 1)
12-10 07:46:49.149  4381  4453 W chromium: [WARNING:channel.cc(315)] RawChannel write error
12-10 07:46:49.156   188   188 E lowmemorykiller: Error writing /proc/4381/oom_score_adj; errno=22
12-10 07:46:49.160   188   188 E lowmemorykiller: Error writing /proc/4381/oom_score_adj; errno=22
12-10 07:46:49.161   784  1667 E JavaBinder: !!! FAILED BINDER TRANSACTION !!!  (parcel size = 744)
12-10 07:46:49.162   784  1667 W ActivityManager: Exception when unbinding service com.android.chrome/org.chromium.content.app.SandboxedProcessService0
12-10 07:46:49.162   784  1667 W ActivityManager: android.os.DeadObjectException: Transaction failed on small parcel; remote process probably died
12-10 07:46:49.162   784  1667 W ActivityManager: 	at android.os.BinderProxy.transactNative(Native Method)
12-10 07:46:49.162   784  1667 W ActivityManager: 	at android.os.BinderProxy.transact(Binder.java:503)
12-10 07:46:49.162   784  1667 W ActivityManager: 	at android.app.ApplicationThreadProxy.scheduleUnbindService(ApplicationThreadNative.java:956)
12-10 07:46:49.162   784  1667 W ActivityManager: 	at com.android.server.am.ActiveServices.removeConnectionLocked(ActiveServices.java:1874)
12-10 07:46:49.162   784  1667 W ActivityManager: 	at com.android.server.am.ActiveServices.unbindServiceLocked(ActiveServices.java:926)
12-10 07:46:49.162   784  1667 W ActivityManager: 	at com.android.server.am.ActivityManagerService.unbindService(ActivityManagerService.java:16013)
12-10 07:46:49.162   784  1667 W ActivityManager: 	at android.app.ActivityManagerNative.onTransact(ActivityManagerNative.java:996)
12-10 07:46:49.162   784  1667 W ActivityManager: 	at com.android.server.am.ActivityManagerService.onTransact(ActivityManagerService.java:2484)
12-10 07:46:49.162   784  1667 W ActivityManager: 	at android.os.Binder.execTransact(Binder.java:453)
12-10 07:46:49.162   188   188 E lowmemorykiller: Error writing /proc/4381/oom_score_adj; errno=22
12-10 07:46:49.239   784  1663 I ActivityManager: Process com.android.chrome:sandboxed_process0 (pid 4381) has died
12-10 07:46:49.239   784  1663 D ActivityManager: cleanUpApplicationRecord -- 4381
12-10 07:46:50.648   981   981 W Binder_5: type=1400 audit(0.0:8192): avc: denied { ioctl } for path="socket:[499595]" dev="sockfs" ino=499595 ioctlcmd=7704 scontext=u:r:system_server:s0 tcontext=u:r:system_server:s0 tclass=unix_stream_socket permissive=0
12-10 07:46:50.648   981   981 W Binder_5: type=1400 audit(0.0:8193): avc: denied { ioctl } for path="socket:[499595]" dev="sockfs" ino=499595 ioctlcmd=7704 scontext=u:r:system_server:s0 tcontext=u:r:system_server:s0 tclass=unix_stream_socket permissive=0
12-10 07:46:50.652  4334  4334 I chromium: [INFO:CONSOLE(0)] "Mixed Content: The page at 'https://www.baidu.com/' was loaded over HTTPS, but requested an insecure image 'http://127.0.0.1:59468/?data=fCMxIzsjMi8xLzUjLSMyIzsjbVRmW1ZlT3daWElUN1cyZFQzNm15W3t2MG41cFgwVXY4VUdqSjRuTHJ6UWxIZjpoSkZJM086MjksTXBsW2tMekUyQkhnSnRNVU1vdE4sQixPRTBmREI%2BPiMtIzMjOyM5NTVjfSMtIzQjOzI2NTU1NTcxMjE2ODh%2B'. This content should also be served over HTTPS.", source: https://www.baidu.com/ (0)
12-10 07:46:51.320  4334  4334 I chromium: [INFO:CONSOLE(0)] "Mixed Content: The page at 'https://www.baidu.com/' was loaded over HTTPS, but requested an insecure resource 'baiduboxlite://utils?action=sendIntent&minver=3.3&params=%7B%22intent%22%3A%22intent%3A%23Intent%3Baction%3Dcom.baidu.searchbox.action.HOME%3Bpackage%3Dcom.baidu.searchbox.lite%3BS.targetCommand%3D%257B%2522mode%2522%253A%25220%2522%252C%2522intent%2522%253A%2522intent%253A%2523Intent%253Baction%253Dcom.baidu.searchbox.action.HOME%253Bcategory%253Dandroid.intent.category.DEFAULT%253BS.extra_target_tab%253DFeed%253Bend%2522%252C%2522min_v%2522%253A%252220120832%2522%257D%3Bend%22%7D&needlog=1&logargs=%7B%22...21021206d%22%2C%22from%22%3A%22openbox%22%2C%22page%22%3A%22chrome%22%2C%22type%22%3A%22%22%2C%22value%22%3A%22%22%2C%22channel%22%3A%221021206r%22%2C%22extlog%22%3A%22%22%2C%22baiduId%22%3A%2272F07D274EA056C5AF48A2E3F035B651%3AFG%3D1%22%2C%22app_now%22%3A%22chrome_1544446011216_8866546154%22%2C%22yyb_pkg%22%3A%22com.baidu.searchbox%22%2C%22idmData%22%3A%7B%22firstOpen%22%3A%22lite%22%2C%22secondOpen%22%3A%22main%22%2C%22status%22%3A%220%22%2C%22timeout%22%3A1544532410946%7D%2C%22matrix%22%3A%22lite%22%7D'. This content should also be served over HTTPS.", source: https://www.baidu.com/ (0)
12-10 07:46:51.352  4334  4334 I chromium: [INFO:CONSOLE(0)] "Navigation is unreachable: baiduboxlite://utils?action=sendIntent&minver=3.3&params=%7B%22intent%22%3A%22intent%3A%23Intent%3Baction%3Dcom.baidu.searchbox.action.HOME%3Bpackage%3Dcom.baidu.searchbox.lite%3BS.targetCommand%3D%257B%2522mode%2522%253A%25220%2522%252C%2522intent%2522%253A%2522intent%253A%2523Intent%253Baction%253Dcom.baidu.searchbox.action.HOME%253Bcategory%253Dandroid.intent.category.DEFAULT%253BS.extra_target_tab%253DFeed%253Bend%2522%252C%2522min_v%2522%253A%252220120832%2522%257D%3Bend%22%7D&needlog=1&logargs=%7B%22source%22%3A%221021206d%22%2C%22from%22%3A%22openbox%22%2C%22page%22%3A%22chrome%22%2C%22type%22%3A%22%22%2C%22value%22%3A%22%22%2C%22channel%22%3A%221021206r%22%2C%22extlog%22%3A%22%22%2C%22baiduId%22%3A%2272F07D274EA056C5AF48A2E3F035B651%3AFG%3D1%22%2C%22app_now%22%3A%22chrome_1544446011216_8866546154%22%2C%22yyb_pkg%22%3A%22com.baidu.searchbox%22%2C%22idmData%22%3A%7B%22firstOpen%22%3A%22lite%22%2C%22secondOpen%22%3A%22main%22%2C%22status%22%3A%220%22%2C%22timeout%22%3A1544532410946%7D%2C%22matrix%22%3A%22lite%22%7D", source: https://www.baidu.com/ (0)
12-10 07:46:51.439  4334  4334 I chromium: [INFO:CONSOLE(0)] "Mixed Content: The page at 'https://www.baidu.com/' was loaded over HTTPS, but requested an insecure resource 'baiduboxapp://utils?action=sendIntent&minver=7.4&params=%7B%22intent%22%3A%22intent%3A%23Intent%3Baction%3Dcom.baidu.searchbox.action.HOME%3Bpackage%3Dcom.baidu.searchbox%3BS.targetCommand%3D%257B%2522mode%2522%253A%25220%2522%252C%2522intent%2522%253A%2522intent%253A%2523Intent%253Baction%253Dcom.baidu.searchbox.action.HOME%253Bcategory%253Dandroid.intent.category.DEFAULT%253BS.extra_target_tab%253DFeed%253Bend%2522%252C%2522min_v%2522%253A%252216787968%2522%257D%3Bend%22%7D&needlog=1&logargs=%7B%22source...21021206d%22%2C%22from%22%3A%22openbox%22%2C%22page%22%3A%22chrome%22%2C%22type%22%3A%22%22%2C%22value%22%3A%22%22%2C%22channel%22%3A%221021206r%22%2C%22extlog%22%3A%22%22%2C%22baiduId%22%3A%2272F07D274EA056C5AF48A2E3F035B651%3AFG%3D1%22%2C%22app_now%22%3A%22chrome_1544446011418_4831978977%22%2C%22yyb_pkg%22%3A%22com.baidu.searchbox%22%2C%22idmData%22%3A%7B%22firstOpen%22%3A%22lite%22%2C%22secondOpen%22%3A%22main%22%2C%22status%22%3A%220%22%2C%22timeout%22%3A1544532410946%7D%2C%22matrix%22%3A%22main%22%7D'. This content should also be served over HTTPS.", source: https://www.baidu.com/ (0)
12-10 07:46:51.574   784   896 D ConnectivityService: notifyType CAP_CHANGED for NetworkAgentInfo [WIFI () - 105]
12-10 07:46:53.009  1109  1109 E GCM     : Missing checkin config file
12-10 07:46:53.018  1109  1109 W GCM     : GCM FAILED TO INITIALIZE - missing checkin
12-10 07:46:53.078 15129 16725 W CronetSyncConnectionRcs: Upload content type not set.
12-10 07:46:53.100   784  2875 I ActivityManager: Start proc 16743:com.google.android.youtube/u0a80 for service com.google.android.youtube/com.google.android.libraries.youtube.common.gcore.gcoreclient.gcm.impl.GcmTaskServiceDelegator
12-10 07:46:53.154 16743 16743 W System  : ClassLoader referenced unknown path: /system/app/YouTube/lib/arm
12-10 07:46:53.216 16743 16756 W System  : ClassLoader referenced unknown path: /system/priv-app/PrebuiltGmsCore/lib/arm
12-10 07:46:53.293 16743 16756 V JNIHelp : Registering com/google/android/gms/org/conscrypt/NativeCrypto's 241 native methods...
12-10 07:46:53.342 16743 16756 I ProviderInstaller: Installed default security provider GmsCore_OpenSSL
12-10 07:46:53.403 16743 16743 W System.err: YouTube MDX: Bogus value in shared preferences for key MdxServerSelection value , returning default value.
12-10 07:46:53.423 16769 16769 I dex2oat : /system/bin/dex2oat --dex-file=/data/user/0/com.google.android.youtube/cache/ads1670234974.jar --oat-file=/data/user/0/com.google.android.youtube/cache/ads1670234974.dex
12-10 07:46:53.480 16769 16769 I dex2oat : dex2oat took 59.134ms (threads: 4) arena alloc=397KB java alloc=41KB native alloc=1515KB free=1556KB
12-10 07:46:53.631 16743 16743 W InstanceID/Rpc: Found 10010
12-10 07:46:53.679  1596  3484 E JavaBinder: *** Uncaught remote exception!  (Exceptions are not yet supported across processes.)
12-10 07:46:53.679  1596  3484 E JavaBinder: java.lang.RuntimeException: android.os.RemoteException
12-10 07:46:53.679  1596  3484 E JavaBinder: 	at android.os.Parcel.writeException(Parcel.java:1520)
12-10 07:46:53.679  1596  3484 E JavaBinder: 	at android.os.Binder.execTransact(Binder.java:459)
12-10 07:46:53.679  1596  3484 E JavaBinder: Caused by: android.os.RemoteException
12-10 07:46:53.679  1596  3484 E JavaBinder: 	at com.google.android.gms.ads.identifier.service.b.a(SourceFile:77)
12-10 07:46:53.679  1596  3484 E JavaBinder: 	at com.google.android.gms.ads.identifier.a.e.onTransact(SourceFile:63)
12-10 07:46:53.679  1596  3484 E JavaBinder: 	at android.os.Binder.execTransact(Binder.java:453)
12-10 07:46:53.681  1596  1606 E JavaBinder: *** Uncaught remote exception!  (Exceptions are not yet supported across processes.)
12-10 07:46:53.681  1596  1606 E JavaBinder: java.lang.RuntimeException: android.os.RemoteException
12-10 07:46:53.681  1596  1606 E JavaBinder: 	at android.os.Parcel.writeException(Parcel.java:1520)
12-10 07:46:53.681  1596  1606 E JavaBinder: 	at android.os.Binder.execTransact(Binder.java:459)
12-10 07:46:53.681  1596  1606 E JavaBinder: Caused by: android.os.RemoteException
12-10 07:46:53.681  1596  1606 E JavaBinder: 	at com.google.android.gms.ads.identifier.service.b.a(SourceFile:77)
12-10 07:46:53.681  1596  1606 E JavaBinder: 	at com.google.android.gms.ads.identifier.a.e.onTransact(SourceFile:63)
12-10 07:46:53.681  1596  1606 E JavaBinder: 	at android.os.Binder.execTransact(Binder.java:453)
12-10 07:46:53.682  1596  2014 E JavaBinder: *** Uncaught remote exception!  (Exceptions are not yet supported across processes.)
12-10 07:46:53.682  1596  2014 E JavaBinder: java.lang.RuntimeException: android.os.RemoteException
12-10 07:46:53.682  1596  2014 E JavaBinder: 	at android.os.Parcel.writeException(Parcel.java:1520)
12-10 07:46:53.682  1596  2014 E JavaBinder: 	at android.os.Binder.execTransact(Binder.java:459)
12-10 07:46:53.682  1596  2014 E JavaBinder: Caused by: android.os.RemoteException
12-10 07:46:53.682  1596  2014 E JavaBinder: 	at com.google.android.gms.ads.identifier.service.b.a(SourceFile:77)
12-10 07:46:53.682  1596  2014 E JavaBinder: 	at com.google.android.gms.ads.identifier.a.e.onTransact(SourceFile:63)
12-10 07:46:53.682  1596  2014 E JavaBinder: 	at android.os.Binder.execTransact(Binder.java:453)
12-10 07:46:53.945   197   821 D audio_hw_primary: out_set_parameters: enter: usecase(1: low-latency-playback) kvpairs: routing=2
12-10 07:46:53.948   795   795 W Binder_2: type=1400 audit(0.0:8194): avc: denied { ioctl } for path="socket:[391748]" dev="sockfs" ino=391748 ioctlcmd=7704 scontext=u:r:system_server:s0 tcontext=u:r:system_server:s0 tclass=unix_stream_socket permissive=0
12-10 07:46:53.948   795   795 W Binder_2: type=1400 audit(0.0:8195): avc: denied { ioctl } for path="socket:[391748]" dev="sockfs" ino=391748 ioctlcmd=7704 scontext=u:r:system_server:s0 tcontext=u:r:system_server:s0 tclass=unix_stream_socket permissive=0
12-10 07:46:53.955   197   821 D audio_hw_primary: select_devices: out_snd_device(2: speaker) in_snd_device(0: none)
12-10 07:46:53.955   197   821 D msm8974_platform: platform_send_audio_calibration: sending audio calibration for snd_device(2) acdb_id(15)
12-10 07:46:53.955   197   821 D audio_hw_primary: enable_snd_device: snd_device(2: speaker)
12-10 07:46:53.959  1439  1439 I Keyboard.Facilitator: onFinishInput()
12-10 07:46:53.963   197   821 D audio_hw_primary: enable_audio_route: apply and update mixer path: low-latency-playback
12-10 07:46:53.972  1439  1439 I Keyboard.Facilitator: onFinishInput()
12-10 07:46:53.968   978   978 W Binder_3: type=1400 audit(0.0:8196): avc: denied { ioctl } for path="socket:[391748]" dev="sockfs" ino=391748 ioctlcmd=7704 scontext=u:r:system_server:s0 tcontext=u:r:system_server:s0 tclass=unix_stream_socket permissive=0
12-10 07:46:53.968   978   978 W Binder_3: type=1400 audit(0.0:8197): avc: denied { ioctl } for path="socket:[391748]" dev="sockfs" ino=391748 ioctlcmd=7704 scontext=u:r:system_server:s0 tcontext=u:r:system_server:s0 tclass=unix_stream_socket permissive=0
12-10 07:46:54.189  1596  2189 I Icing   : Usage reports 1 indexed 0 rejected 0 imm upload false
12-10 07:46:54.536  1439  1439 D EmojiAltPhysicalKeyDetector: onKeyUp() : KeyEvent { action=ACTION_UP, keyCode=KEYCODE_BACK, scanCode=0, metaState=0, flags=0x48, repeatCount=0, eventTime=129982225, downTime=129982142, deviceId=-1, source=0x101 }
12-10 07:46:54.536  1439  1439 D EmojiAltPhysicalKeyDetector: onKeyUp() : Not Mapped: 4
12-10 07:46:54.553   197   821 D audio_hw_primary: out_set_parameters: enter: usecase(1: low-latency-playback) kvpairs: routing=2
12-10 07:46:54.553   784   794 I ActivityManager: Start proc 16846:com.android.chrome:sandboxed_process3/u0i5 for service com.android.chrome/org.chromium.content.app.SandboxedProcessService3
12-10 07:46:54.585   784   896 D ConnectivityService: notifyType CAP_CHANGED for NetworkAgentInfo [WIFI () - 105]
12-10 07:46:54.608 16858 16858 W com.android.chrome:sandboxed_process3: type=1400 audit(0.0:8198): avc: denied { search } for comm=4173796E635461736B202331 name="com.android.chrome" dev="mmcblk0p28" ino=1474619 scontext=u:r:isolated_app:s0:c512,c768 tcontext=u:object_r:app_data_file:s0:c512,c768 tclass=dir permissive=0
12-10 07:46:54.608 16858 16858 W com.android.chrome:sandboxed_process3: type=1400 audit(0.0:8199): avc: denied { search } for comm=4173796E635461736B202331 name="com.android.chrome" dev="mmcblk0p28" ino=1474619 scontext=u:r:isolated_app:s0:c512,c768 tcontext=u:object_r:app_data_file:s0:c512,c768 tclass=dir permissive=0
12-10 07:46:54.608 16858 16858 W com.android.chrome:sandboxed_process3: type=1400 audit(0.0:8200): avc: denied { search } for comm=4173796E635461736B202331 name="com.android.chrome" dev="mmcblk0p28" ino=1474619 scontext=u:r:isolated_app:s0:c512,c768 tcontext=u:object_r:app_data_file:s0:c512,c768 tclass=dir permissive=0
12-10 07:46:54.618 16846 16858 W FileUtils: Failed to chmod(/data/user/0/com.android.chrome/app_chrome): android.system.ErrnoException: chmod failed: EACCES (Permission denied)
12-10 07:46:54.608 16858 16858 W com.android.chrome:sandboxed_process3: type=1400 audit(0.0:8201): avc: denied { search } for comm=4173796E635461736B202331 name="com.android.chrome" dev="mmcblk0p28" ino=1474619 scontext=u:r:isolated_app:s0:c512,c768 tcontext=u:object_r:app_data_file:s0:c512,c768 tclass=dir permissive=0
