12-10 07:44:47.883   784 15779 D WifiService: acquireWifiLockLocked: WifiLock{NlpWifiLock type=2 binder=android.os.BinderProxy@ec418cb}
12-10 07:44:47.884   784   906 D WifiScanningService: Pending scan removed, handler=334, period=0
12-10 07:44:47.890   784   906 D wifi    : Initialized common fields 10000, 16, 100, 10
12-10 07:44:47.890   784   906 D wifi    : bucket[0] = 2:3:10000:2
12-10 07:44:47.901   784   981 D WifiService: releaseWifiLockLocked: WifiLock{NlpWifiLock type=2 binder=android.os.BinderProxy@ec418cb}
12-10 07:44:48.138  1508  1775 W OpenGLRenderer: Incorrectly called buildLayer on View: ShortcutAndWidgetContainer, destroying layer...
12-10 07:44:48.509   784 11731 D NetlinkSocketObserver: NeighborEvent{elapsedMs=358081221, 192.168.50.1, [704D7B514A20], RTM_NEWNEIGH, NUD_PROBE}
12-10 07:44:48.789  1805  1953 W System.err: java.net.ConnectException: failed to connect to www.google.com/31.13.73.17 (port 443) after 60000ms: isConnected failed: ECONNREFUSED (Connection refused)
12-10 07:44:48.790  1805  1953 W System.err: 	at libcore.io.IoBridge.isConnected(IoBridge.java:234)
12-10 07:44:48.790  1805  1953 W System.err: 	at libcore.io.IoBridge.connectErrno(IoBridge.java:171)
12-10 07:44:48.790  1805  1953 W System.err: 	at libcore.io.IoBridge.connect(IoBridge.java:122)
12-10 07:44:48.790  1805  1953 W System.err: 	at java.net.PlainSocketImpl.connect(PlainSocketImpl.java:183)
12-10 07:44:48.791  1805  1953 W System.err: 	at java.net.PlainSocketImpl.connect(PlainSocketImpl.java:452)
12-10 07:44:48.791  1805  1953 W System.err: 	at java.net.Socket.connect(Socket.java:884)
12-10 07:44:48.791  1805  1953 W System.err: 	at com.android.okhttp.internal.Platform.connectSocket(Platform.java:117)
12-10 07:44:48.791  1805  1953 W System.err: 	at com.android.okhttp.internal.http.SocketConnector.connectRawSocket(SocketConnector.java:160)
12-10 07:44:48.791  1805  1953 W System.err: 	at com.android.okhttp.internal.http.SocketConnector.connectTls(SocketConnector.java:79)
12-10 07:44:48.791  1805  1953 W System.err: 	at com.android.okhttp.Connection.connect(Connection.java:143)
12-10 07:44:48.791  1805  1953 W System.err: 	at com.android.okhttp.Connection.connectAndSetOwner(Connection.java:185)
12-10 07:44:48.792  1805  1953 W System.err: 	at com.android.okhttp.OkHttpClient$1.connectAndSetOwner(OkHttpClient.java:128)
12-10 07:44:48.792  1805  1953 W System.err: 	at com.android.okhttp.internal.http.HttpEngine.nextConnection(HttpEngine.java:341)
12-10 07:44:48.792  1805  1953 W System.err: 	at com.android.okhttp.internal.http.HttpEngine.connect(HttpEngine.java:330)
12-10 07:44:48.792  1805  1953 W System.err: 	at com.android.okhttp.internal.http.HttpEngine.sendRequest(HttpEngine.java:248)
12-10 07:44:48.792  1805  1953 W System.err: 	at com.android.okhttp.internal.huc.HttpURLConnectionImpl.execute(HttpURLConnectionImpl.java:437)
12-10 07:44:48.792  1805  1953 W System.err: 	at com.android.okhttp.internal.huc.HttpURLConnectionImpl.connect(HttpURLConnectionImpl.java:114)
12-10 07:44:48.792  1805  1953 W System.err: 	at com.android.okhttp.internal.huc.HttpURLConnectionImpl.getOutputStream(HttpURLConnectionImpl.java:245)
12-10 07:44:48.793  1805  1953 W System.err: 	at com.android.okhttp.internal.huc.DelegatingHttpsURLConnection.getOutputStream(DelegatingHttpsURLConnection.java:218)
12-10 07:44:48.793  1805  1953 W System.err: 	at com.android.okhttp.internal.huc.HttpsURLConnectionImpl.getOutputStream(HttpsURLConnectionImpl.java)
12-10 07:44:48.793  1805  1953 W System.err: 	at com.google.android.gms.http.GoogleHttpClient.a(SourceFile:933)
12-10 07:44:48.793  1805  1953 W System.err: 	at com.google.android.gms.http.GoogleHttpClient.a(SourceFile:775)
12-10 07:44:48.793  1805  1953 W System.err: 	at com.google.android.gms.http.GoogleHttpClient.execute(SourceFile:676)
12-10 07:44:48.793  1805  1953 W System.err: 	at com.google.android.gms.http.GoogleHttpClient.execute(SourceFile:660)
12-10 07:44:48.793  1805  1953 W System.err: 	at com.google.r.a.b.a.b.g(SourceFile:126)
12-10 07:44:48.794  1805  1953 W System.err: 	at com.google.r.a.b.a.b.c(SourceFile:172)
12-10 07:44:48.794  1805  1953 W System.err: 	at com.google.y.a.d.run(SourceFile:434)
12-10 07:44:48.794  1805  1953 W System.err: 	at com.google.y.a.c.c(SourceFile:230)
12-10 07:44:48.794  1805  1953 W System.err: 	at com.google.y.a.c.run(SourceFile:204)
12-10 07:44:48.794  1805  1953 W System.err: 	at com.google.r.a.c.b.run(SourceFile:96)
12-10 07:44:48.794  1805  1953 W System.err: Caused by: android.system.ErrnoException: isConnected failed: ECONNREFUSED (Connection refused)
12-10 07:44:48.796  1805  1953 W System.err: 	at libcore.io.IoBridge.isConnected(IoBridge.java:223)
12-10 07:44:48.796  1805  1953 W System.err: 	... 29 more
12-10 07:44:52.064 16143 16143 D AndroidRuntime: >>>>>> START com.android.internal.os.RuntimeInit uid 2000 <<<<<<
12-10 07:44:52.071 16143 16143 D AndroidRuntime: CheckJNI is OFF
12-10 07:44:52.133 16143 16143 D ICU     : No timezone override file found: /data/misc/zoneinfo/current/icu/icu_tzdata.dat
12-10 07:44:52.193 16143 16143 I Radio-JNI: register_android_hardware_Radio DONE
12-10 07:44:52.228 16143 16143 D AndroidRuntime: Calling main entry com.android.commands.pm.Pm
12-10 07:44:52.239 16143 16143 I art     : System.exit called, status: 0
12-10 07:44:52.239 16143 16143 I AndroidRuntime: VM exiting with result code 0.
12-10 07:44:53.408 16158 16158 D AndroidRuntime: >>>>>> START com.android.internal.os.RuntimeInit uid 2000 <<<<<<
12-10 07:44:53.415 16158 16158 D AndroidRuntime: CheckJNI is OFF
12-10 07:44:53.475 16158 16158 D ICU     : No timezone override file found: /data/misc/zoneinfo/current/icu/icu_tzdata.dat
12-10 07:44:53.537 16158 16158 I Radio-JNI: register_android_hardware_Radio DONE
12-10 07:44:53.573 16158 16158 D AndroidRuntime: Calling main entry com.android.commands.pm.Pm
12-10 07:44:53.584 16158 16158 I art     : System.exit called, status: 0
12-10 07:44:53.584 16158 16158 I AndroidRuntime: VM exiting with result code 0.
12-10 07:44:57.246 16172 16172 D AndroidRuntime: >>>>>> START com.android.internal.os.RuntimeInit uid 2000 <<<<<<
12-10 07:44:57.250 16170 16170 D AndroidRuntime: >>>>>> START com.android.internal.os.RuntimeInit uid 2000 <<<<<<
12-10 07:44:57.253 16172 16172 D AndroidRuntime: CheckJNI is OFF
12-10 07:44:57.257 16170 16170 D AndroidRuntime: CheckJNI is OFF
12-10 07:44:57.315 16172 16172 D ICU     : No timezone override file found: /data/misc/zoneinfo/current/icu/icu_tzdata.dat
12-10 07:44:57.319 16170 16170 D ICU     : No timezone override file found: /data/misc/zoneinfo/current/icu/icu_tzdata.dat
12-10 07:44:57.375 16172 16172 I Radio-JNI: register_android_hardware_Radio DONE
12-10 07:44:57.397 16170 16170 I Radio-JNI: register_android_hardware_Radio DONE
12-10 07:44:57.410 16172 16172 D AndroidRuntime: Calling main entry com.android.commands.pm.Pm
12-10 07:44:57.419 16172 16172 I art     : System.exit called, status: 0
12-10 07:44:57.419 16172 16172 I AndroidRuntime: VM exiting with result code 0.
12-10 07:44:57.441 16170 16170 D AndroidRuntime: Calling main entry com.android.commands.wm.Wm
12-10 07:44:57.445 16170 16170 D AndroidRuntime: Shutting down VM
12-10 07:44:57.468 16196 16196 W sh      : type=1400 audit(0.0:8140): avc: denied { ioctl } for path="socket:[500328]" dev="sockfs" ino=500328 ioctlcmd=5401 scontext=u:r:shell:s0 tcontext=u:r:adbd:s0 tclass=unix_stream_socket permissive=0
12-10 07:44:57.468 16196 16196 W sh      : type=1400 audit(0.0:8141): avc: denied { ioctl } for path="socket:[500328]" dev="sockfs" ino=500328 ioctlcmd=5401 scontext=u:r:shell:s0 tcontext=u:r:adbd:s0 tclass=unix_stream_socket permissive=0
12-10 07:44:57.478 16196 16196 W sh      : type=1400 audit(0.0:8142): avc: denied { ioctl } for path="socket:[500328]" dev="sockfs" ino=500328 ioctlcmd=5401 scontext=u:r:shell:s0 tcontext=u:r:adbd:s0 tclass=unix_stream_socket permissive=0
12-10 07:44:57.478 16196 16196 W sh      : type=1400 audit(0.0:8143): avc: denied { ioctl } for path="socket:[500328]" dev="sockfs" ino=500328 ioctlcmd=5401 scontext=u:r:shell:s0 tcontext=u:r:adbd:s0 tclass=unix_stream_socket permissive=0
12-10 07:44:58.405 16196 16196 D AndroidRuntime: >>>>>> START com.android.internal.os.RuntimeInit uid 2000 <<<<<<
12-10 07:44:58.413 16196 16196 D AndroidRuntime: CheckJNI is OFF
12-10 07:44:58.475 16196 16196 D ICU     : No timezone override file found: /data/misc/zoneinfo/current/icu/icu_tzdata.dat
12-10 07:44:58.537 16196 16196 I Radio-JNI: register_android_hardware_Radio DONE
12-10 07:44:58.574 16196 16196 D AndroidRuntime: Calling main entry com.android.commands.pm.Pm
12-10 07:44:58.586   198   198 I installd: free_cache(58799) avail 27721207808
12-10 07:44:58.578 15779 15779 W Binder_C: type=1400 audit(0.0:8144): avc: denied { ioctl } for path="socket:[500374]" dev="sockfs" ino=500374 ioctlcmd=7704 scontext=u:r:system_server:s0 tcontext=u:r:system_server:s0 tclass=unix_stream_socket permissive=0
12-10 07:44:58.578 15779 15779 W Binder_C: type=1400 audit(0.0:8145): avc: denied { ioctl } for path="socket:[500374]" dev="sockfs" ino=500374 ioctlcmd=7704 scontext=u:r:system_server:s0 tcontext=u:r:system_server:s0 tclass=unix_stream_socket permissive=0
12-10 07:44:58.616 16196 16196 I art     : System.exit called, status: 0
12-10 07:44:58.616 16196 16196 I AndroidRuntime: VM exiting with result code 0.
12-10 07:44:58.638 16207 16207 W sh      : type=1400 audit(0.0:8146): avc: denied { ioctl } for path="socket:[500377]" dev="sockfs" ino=500377 ioctlcmd=5401 scontext=u:r:shell:s0 tcontext=u:r:adbd:s0 tclass=unix_stream_socket permissive=0
12-10 07:44:58.638 16207 16207 W sh      : type=1400 audit(0.0:8147): avc: denied { ioctl } for path="socket:[500377]" dev="sockfs" ino=500377 ioctlcmd=5401 scontext=u:r:shell:s0 tcontext=u:r:adbd:s0 tclass=unix_stream_socket permissive=0
12-10 07:44:58.648 16207 16207 W sh      : type=1400 audit(0.0:8148): avc: denied { ioctl } for path="socket:[500377]" dev="sockfs" ino=500377 ioctlcmd=5401 scontext=u:r:shell:s0 tcontext=u:r:adbd:s0 tclass=unix_stream_socket permissive=0
12-10 07:44:58.648 16207 16207 W sh      : type=1400 audit(0.0:8149): avc: denied { ioctl } for path="socket:[500377]" dev="sockfs" ino=500377 ioctlcmd=5401 scontext=u:r:shell:s0 tcontext=u:r:adbd:s0 tclass=unix_stream_socket permissive=0
12-10 07:44:59.575 16207 16207 D AndroidRuntime: >>>>>> START com.android.internal.os.RuntimeInit uid 2000 <<<<<<
12-10 07:44:59.582 16207 16207 D AndroidRuntime: CheckJNI is OFF
12-10 07:44:59.645 16207 16207 D ICU     : No timezone override file found: /data/misc/zoneinfo/current/icu/icu_tzdata.dat
12-10 07:44:59.714 16207 16207 I Radio-JNI: register_android_hardware_Radio DONE
12-10 07:44:59.754 16207 16207 D AndroidRuntime: Calling main entry com.android.commands.pm.Pm
12-10 07:44:59.762   198   198 I installd: free_cache(473697) avail 27721150464
12-10 07:44:59.758 15779 15779 W Binder_C: type=1400 audit(0.0:8150): avc: denied { ioctl } for path="socket:[499059]" dev="sockfs" ino=499059 ioctlcmd=7704 scontext=u:r:system_server:s0 tcontext=u:r:system_server:s0 tclass=unix_stream_socket permissive=0
12-10 07:44:59.758 15779 15779 W Binder_C: type=1400 audit(0.0:8151): avc: denied { ioctl } for path="socket:[499059]" dev="sockfs" ino=499059 ioctlcmd=7704 scontext=u:r:system_server:s0 tcontext=u:r:system_server:s0 tclass=unix_stream_socket permissive=0
12-10 07:44:59.864 16207 16207 I art     : System.exit called, status: 0
12-10 07:44:59.864 16207 16207 I AndroidRuntime: VM exiting with result code 0.
12-10 07:45:00.819 16218 16218 D AndroidRuntime: >>>>>> START com.android.internal.os.RuntimeInit uid 2000 <<<<<<
12-10 07:45:00.826 16218 16218 D AndroidRuntime: CheckJNI is OFF
12-10 07:45:00.885 16218 16218 D ICU     : No timezone override file found: /data/misc/zoneinfo/current/icu/icu_tzdata.dat
12-10 07:45:00.945 16218 16218 I Radio-JNI: register_android_hardware_Radio DONE
12-10 07:45:00.979 16218 16218 D AndroidRuntime: Calling main entry com.android.commands.pm.Pm
12-10 07:45:01.236   784   829 D PackageInstaller: Inherited files: [/data/app/com.thinkman.tbsx5test-1/split_lib_dependencies_apk.apk, /data/app/com.thinkman.tbsx5test-1/split_lib_slice_0_apk.apk, /data/app/com.thinkman.tbsx5test-1/split_lib_slice_1_apk.apk, /data/app/com.thinkman.tbsx5test-1/split_lib_slice_3_apk.apk, /data/app/com.thinkman.tbsx5test-1/split_lib_slice_4_apk.apk, /data/app/com.thinkman.tbsx5test-1/split_lib_slice_5_apk.apk, /data/app/com.thinkman.tbsx5test-1/split_lib_slice_6_apk.apk, /data/app/com.thinkman.tbsx5test-1/split_lib_slice_7_apk.apk, /data/app/com.thinkman.tbsx5test-1/split_lib_slice_8_apk.apk, /data/app/com.thinkman.tbsx5test-1/split_lib_slice_9_apk.apk, /data/app/com.thinkman.tbsx5test-1/oat/arm/base.odex]
12-10 07:45:01.241   784   829 D PackageInstaller: Linked 11 files into /data/app/vmdl1633592159.tmp
12-10 07:45:01.314 15473 15473 D Finsky  : [1] PackageVerificationReceiver.onReceive: Verification requested, id = 111
12-10 07:45:01.317 15473 15473 D Finsky  : [1] WorkerTask.onPreExecute: Verification Requested for id = 111, data=file:///data/app/vmdl1633592159.tmp flags=118 fromVerificationActivity=false
12-10 07:45:01.321 15473 15512 D Finsky  : [1402] PackageVerificationService.getPackageInfo: Cannot read archive for file:///data/app/vmdl1633592159.tmp in request id=111
12-10 07:45:01.327 15473 15473 D Finsky  : [1] PackageVerificationReceiver.onReceive: Verification requested, id = 111
12-10 07:45:01.367   784   809 W PackageParser: Ignoring duplicate uses-permissions/uses-permissions-sdk-m: android.permission.READ_EXTERNAL_STORAGE in package: com.thinkman.tbsx5test at: Binary XML file line #20
12-10 07:45:01.367   784   809 W PackageParser: Ignoring duplicate uses-permissions/uses-permissions-sdk-m: android.permission.INTERNET in package: com.thinkman.tbsx5test at: Binary XML file line #23
12-10 07:45:01.368   784   809 W PackageParser: Ignoring duplicate uses-permissions/uses-permissions-sdk-m: android.permission.ACCESS_WIFI_STATE in package: com.thinkman.tbsx5test at: Binary XML file line #43
12-10 07:45:01.368   784   809 W PackageParser: Ignoring duplicate uses-permissions/uses-permissions-sdk-m: android.permission.ACCESS_NETWORK_STATE in package: com.thinkman.tbsx5test at: Binary XML file line #45
12-10 07:45:01.368   784   809 W PackageParser: Ignoring duplicate uses-permissions/uses-permissions-sdk-m: android.permission.WRITE_EXTERNAL_STORAGE in package: com.thinkman.tbsx5test at: Binary XML file line #48
12-10 07:45:01.368   784   809 W PackageParser: Ignoring duplicate uses-permissions/uses-permissions-sdk-m: android.permission.ACCESS_NETWORK_STATE in package: com.thinkman.tbsx5test at: Binary XML file line #49
12-10 07:45:01.369   784   809 W PackageParser: Ignoring duplicate uses-permissions/uses-permissions-sdk-m: android.permission.ACCESS_WIFI_STATE in package: com.thinkman.tbsx5test at: Binary XML file line #50
12-10 07:45:01.369   784   809 W PackageParser: Ignoring duplicate uses-permissions/uses-permissions-sdk-m: android.permission.INTERNET in package: com.thinkman.tbsx5test at: Binary XML file line #51
12-10 07:45:01.377   784   809 W PackageParser: Ignoring duplicate uses-permissions/uses-permissions-sdk-m: android.permission.READ_PHONE_STATE in package: com.thinkman.tbsx5test at: Binary XML file line #52
12-10 07:45:01.733   784   797 I ActivityManager: Force stopping com.thinkman.tbsx5test appid=10092 user=-1: uninstall pkg
12-10 07:45:01.865   784   809 I PackageManager: Package com.thinkman.tbsx5test codePath changed from /data/app/com.thinkman.tbsx5test-1 to /data/app/com.thinkman.tbsx5test-2; Retaining data and using new
12-10 07:45:01.865   784   809 W PackageManager: Code path for com.thinkman.tbsx5test changing from /data/app/com.thinkman.tbsx5test-1 to /data/app/com.thinkman.tbsx5test-2
12-10 07:45:01.865   784   809 W PackageManager: Resource path for com.thinkman.tbsx5test changing from /data/app/com.thinkman.tbsx5test-1 to /data/app/com.thinkman.tbsx5test-2
12-10 07:45:01.865   784   797 I ActivityManager: Force stopping com.thinkman.tbsx5test appid=10092 user=-1: replace pkg
12-10 07:45:01.973   784   809 W PackageManager: Not granting permission android.permission.OVERRIDE_WIFI_CONFIG to package com.thinkman.tbsx5test (protectionLevel=18 flags=0x3848bf46)
12-10 07:45:01.973   784   809 W PackageManager: Not granting permission android.permission.ACCESS_DOWNLOAD_MANAGER to package com.thinkman.tbsx5test (protectionLevel=18 flags=0x3848bf46)
12-10 07:45:01.973   784   809 W PackageManager: Not granting permission android.permission.INSTALL_PACKAGES to package com.thinkman.tbsx5test (protectionLevel=18 flags=0x3848bf46)
12-10 07:45:01.973   784   809 W PackageManager: Not granting permission android.permission.CLEAR_APP_USER_DATA to package com.thinkman.tbsx5test (protectionLevel=258 flags=0x3848bf46)
12-10 07:45:01.973   784   809 W PackageManager: Not granting permission android.permission.FORCE_STOP_PACKAGES to package com.thinkman.tbsx5test (protectionLevel=18 flags=0x3848bf46)
12-10 07:45:01.973   784   809 W PackageManager: Not granting permission android.permission.DEVICE_POWER to package com.thinkman.tbsx5test (protectionLevel=2 flags=0x3848bf46)
12-10 07:45:01.973   784   809 W PackageManager: Not granting permission android.permission.WRITE_SECURE_SETTINGS to package com.thinkman.tbsx5test (protectionLevel=50 flags=0x3848bf46)
12-10 07:45:01.974   784   809 W PackageManager: Not granting permission android.permission.INJECT_EVENTS to package com.thinkman.tbsx5test (protectionLevel=2 flags=0x3848bf46)
12-10 07:45:02.082   784   809 W Settings: Setting install_non_market_apps has moved from android.provider.Settings.Global to android.provider.Settings.Secure, returning read-only value.
12-10 07:45:02.084   784   809 I art     : Starting a blocking GC Explicit
12-10 07:45:02.199   784   809 I art     : Explicit concurrent mark sweep GC freed 120287(6MB) AllocSpace objects, 57(1300KB) LOS objects, 33% free, 30MB/46MB, paused 1.522ms total 108.194ms
12-10 07:45:02.245   784   809 W PackageManager: Couldn't remove dex file for package:  at location /data/app/com.thinkman.tbsx5test-1/base.apk, retcode=-1
12-10 07:45:02.246   784   809 W PackageManager: Couldn't remove dex file for package:  at location /data/app/com.thinkman.tbsx5test-1/split_lib_dependencies_apk.apk, retcode=-1
12-10 07:45:02.247   784   809 W PackageManager: Couldn't remove dex file for package:  at location /data/app/com.thinkman.tbsx5test-1/split_lib_slice_0_apk.apk, retcode=-1
12-10 07:45:02.248   784   809 W PackageManager: Couldn't remove dex file for package:  at location /data/app/com.thinkman.tbsx5test-1/split_lib_slice_1_apk.apk, retcode=-1
12-10 07:45:02.250   784   809 W PackageManager: Couldn't remove dex file for package:  at location /data/app/com.thinkman.tbsx5test-1/split_lib_slice_2_apk.apk, retcode=-1
12-10 07:45:02.252   784   809 W PackageManager: Couldn't remove dex file for package:  at location /data/app/com.thinkman.tbsx5test-1/split_lib_slice_3_apk.apk, retcode=-1
12-10 07:45:02.253   784   809 W PackageManager: Couldn't remove dex file for package:  at location /data/app/com.thinkman.tbsx5test-1/split_lib_slice_4_apk.apk, retcode=-1
12-10 07:45:02.254   784   809 W PackageManager: Couldn't remove dex file for package:  at location /data/app/com.thinkman.tbsx5test-1/split_lib_slice_5_apk.apk, retcode=-1
12-10 07:45:02.255   784   809 W PackageManager: Couldn't remove dex file for package:  at location /data/app/com.thinkman.tbsx5test-1/split_lib_slice_6_apk.apk, retcode=-1
12-10 07:45:02.255   784   809 W PackageManager: Couldn't remove dex file for package:  at location /data/app/com.thinkman.tbsx5test-1/split_lib_slice_7_apk.apk, retcode=-1
12-10 07:45:02.256   784   809 W PackageManager: Couldn't remove dex file for package:  at location /data/app/com.thinkman.tbsx5test-1/split_lib_slice_8_apk.apk, retcode=-1
12-10 07:45:02.257   784   809 W PackageManager: Couldn't remove dex file for package:  at location /data/app/com.thinkman.tbsx5test-1/split_lib_slice_9_apk.apk, retcode=-1
12-10 07:45:02.258   198   198 E installd: Couldn't opendir /data/app/vmdl1633592159.tmp: No such file or directory
12-10 07:45:02.262 16218 16218 I art     : System.exit called, status: 0
12-10 07:45:02.262 16218 16218 I AndroidRuntime: VM exiting with result code 0.
12-10 07:45:02.262   784   809 I ActivityManager: Force stopping com.thinkman.tbsx5test appid=10092 user=0: pkg removed
12-10 07:45:02.299   784   784 D JobSchedulerService: Receieved: android.intent.action.PACKAGE_REMOVED
12-10 07:45:02.306   784   880 I InputReader: Reconfiguring input devices.  changes=0x00000010
12-10 07:45:02.346   784   880 I InputReader: Reconfiguring input devices.  changes=0x00000010
12-10 07:45:02.365  1495  1495 D CarrierServiceBindHelper: Receive action: android.intent.action.PACKAGE_REMOVED
12-10 07:45:02.410   784   880 I InputReader: Reconfiguring input devices.  changes=0x00000010
12-10 07:45:02.429  1109  1109 E NetworkScheduler.SchedulerReceiver: Invalid parameter app
12-10 07:45:02.429  1109  1109 E NetworkScheduler.SchedulerReceiver: Invalid package name : Perhaps you didn't include a PendingIntent in the extras?
12-10 07:45:02.482  1596 16248 D PackageBroadcastService: Received broadcast action=android.intent.action.PACKAGE_REMOVED and uri=com.thinkman.tbsx5test
12-10 07:45:02.514  1109  1109 I ConfigService: onCreate
12-10 07:45:02.516  1596  1596 I ConfigFetchService: onStartCommand Intent { act=android.intent.action.PACKAGE_REMOVED dat=package:com.thinkman.tbsx5test cmp=com.google.android.gms/.config.ConfigFetchService (has extras) }
12-10 07:45:02.529  1596  1596 D ChimeraCfgMgr: Loading module com.google.android.gms.games from APK com.google.android.play.games
12-10 07:45:02.529  1596  1596 D ChimeraModuleLdr: Module APK com.google.android.play.games already loaded
12-10 07:45:02.539  1495  1495 D CarrierServiceBindHelper: Receive action: android.intent.action.PACKAGE_ADDED
12-10 07:45:02.539  1495  1495 D CarrierServiceBindHelper: mHandler: 3
12-10 07:45:02.539  1495  1495 D CarrierServiceBindHelper: Receive action: android.intent.action.PACKAGE_REPLACED
12-10 07:45:02.540  1495  1495 D CarrierServiceBindHelper: mHandler: 3
12-10 07:45:02.540  1495  1495 D CarrierServiceBindHelper: mHandler: 3
12-10 07:45:02.540  1495  1495 D CarrierConfigLoader: mHandler: 9 phoneId: 0
12-10 07:45:02.553 13489 13489 W ContextImpl: Calling a method in the system process without a qualified user: android.app.ContextImpl.startService:1221 android.content.ContextWrapper.startService:581 android.content.ContextWrapper.startService:581 com.android.keychain.KeyChainBroadcastReceiver.onReceive:12 android.app.ActivityThread.handleReceiver:2725 
12-10 07:45:02.605 15473 15473 D Finsky  : [1] ExternalReferrer.access$200: Package state data is missing for com.thinkman.tbsx5test
12-10 07:45:02.611  1596 16255 D PackageBroadcastService: Received broadcast action=android.intent.action.PACKAGE_ADDED and uri=com.thinkman.tbsx5test
12-10 07:45:02.621  1596  1596 D ChimeraCfgMgr: Loading module com.google.android.gms.games from APK com.google.android.play.games
12-10 07:45:02.621  1596  1596 D ChimeraModuleLdr: Module APK com.google.android.play.games already loaded
12-10 07:45:02.632  1596  1596 I ConfigFetchService: onStartCommand Intent { act=android.intent.action.PACKAGE_ADDED dat=package:com.thinkman.tbsx5test cmp=com.google.android.gms/.config.ConfigFetchService (has extras) }
12-10 07:45:02.638  1596  1596 I ConfigFetchService: launchTask
12-10 07:45:02.640  1596 16258 W ConfigFetchTask: no android id
12-10 07:45:02.640  1596 16258 E ConfigFetchTask: failed to build request; aborting config fetch
12-10 07:45:02.644  1596  1596 D ChimeraCfgMgr: Loading module com.google.android.gms.games from APK com.google.android.play.games
12-10 07:45:02.644  1596  1596 D ChimeraModuleLdr: Module APK com.google.android.play.games already loaded
12-10 07:45:02.650  1596  1596 I ConfigFetchService: service connected
12-10 07:45:02.650  1596  1596 D ChimeraCfgMgr: Loading module com.google.android.gms.vision from APK com.google.android.gms
12-10 07:45:02.655  1596 16260 I PeopleContactsSync: CP2 sync disabled
12-10 07:45:02.658  1596  1596 I ConfigFetchService: fetch service done; releasing wakelock
12-10 07:45:02.659  1596  1596 I ConfigFetchService: stopping self
12-10 07:45:02.664  1596  1596 D ConfigFetchService: ConfigApi connection successful.
12-10 07:45:02.671 15129 16261 I UpdateIcingCorporaServi: Updating corpora: APPS=com.thinkman.tbsx5test, CONTACTS=MAYBE
12-10 07:45:02.689  3039  3039 I WalletInstallRec: Handling App Install.
12-10 07:45:02.701  1109  1109 E NetworkScheduler.SchedulerReceiver: Invalid parameter app
12-10 07:45:02.701  1109  1109 E NetworkScheduler.SchedulerReceiver: Invalid package name : Perhaps you didn't include a PendingIntent in the extras?
12-10 07:45:02.734  1596  1596 D ChimeraCfgMgr: Loading module com.google.android.gms.vision from APK com.google.android.gms
12-10 07:45:02.737  1596 16263 D PackageBroadcastService: Received broadcast action=android.intent.action.PACKAGE_REPLACED and uri=com.thinkman.tbsx5test
12-10 07:45:02.751  1596 16264 I PeopleContactsSync: CP2 sync disabled
12-10 07:45:02.789 15129 16261 I UpdateIcingCorporaServi: UpdateCorporaTask done [took 118 ms] updated apps [took 118 ms] 
12-10 07:45:03.263 16240 16240 D AndroidRuntime: >>>>>> START com.android.internal.os.RuntimeInit uid 2000 <<<<<<
12-10 07:45:03.269 16240 16240 D AndroidRuntime: CheckJNI is OFF
12-10 07:45:03.329 16240 16240 D ICU     : No timezone override file found: /data/misc/zoneinfo/current/icu/icu_tzdata.dat
12-10 07:45:03.392 16240 16240 I Radio-JNI: register_android_hardware_Radio DONE
12-10 07:45:03.425 16240 16240 D AndroidRuntime: Calling main entry com.android.commands.am.Am
12-10 07:45:03.429   784   978 I ActivityManager: START u0 {act=android.intent.action.MAIN cat=[android.intent.category.LAUNCHER] flg=0x10000000 cmp=com.thinkman.tbsx5test/.MainActivity} from uid 2000 on display 0
12-10 07:45:03.454 15129 15141 W SearchService: Abort, client detached.
12-10 07:45:03.455 16240 16240 D AndroidRuntime: Shutting down VM
12-10 07:45:03.458 15129 15279 I MicrophoneInputStream: mic_close com.google.android.apps.gsa.speech.audio.x@217b4c4
12-10 07:45:03.458 15129 16121 E AudioRecord-JNI: Error -4 during AudioRecord native read
12-10 07:45:03.459 15129 15129 I HotwordDetector: Closing mic
12-10 07:45:03.486   784  1716 I ActivityManager: Start proc 16280:com.thinkman.tbsx5test/u0a92 for activity com.thinkman.tbsx5test/.MainActivity
12-10 07:45:03.486 16280 16280 I art     : Late-enabling -Xcheck:jni
12-10 07:45:03.515   197 16124 D audio_hw_primary: disable_audio_route: reset and update mixer path: audio-record
12-10 07:45:03.516   197 16124 D audio_hw_primary: disable_snd_device: snd_device(61: voice-rec-mic)
12-10 07:45:03.525 15129 16120 I MicroRecognitionRnrImpl: Detection finished
12-10 07:45:03.526 15129 15295 I MicroRecognitionRnrImpl: Stopping hotword detection.
12-10 07:45:03.620  1805  1892 D GCoreFlp: FLP HAL exists but batch size is <= 0.  Disabling FLP HAL.
12-10 07:45:03.683 16308 16308 E dex2oat : Failed to create oat file: /data/dalvik-cache/arm/data@app@com.thinkman.tbsx5test-2@split_lib_dependencies_apk.apk@classes.dex: Permission denied
12-10 07:45:03.683 16308 16308 I dex2oat : dex2oat took 989.167us (threads: 4) 
12-10 07:45:03.688 16280 16280 W art     : Failed execv(/system/bin/dex2oat --runtime-arg -classpath --runtime-arg  --debuggable --instruction-set=arm --instruction-set-features=smp,div,atomic_ldrd_strd --runtime-arg -Xrelocate --boot-image=/system/framework/boot.art --runtime-arg -Xms64m --runtime-arg -Xmx512m --instruction-set-variant=krait --instruction-set-features=default --dex-file=/data/app/com.thinkman.tbsx5test-2/split_lib_dependencies_apk.apk --oat-file=/data/dalvik-cache/arm/data@app@com.thinkman.tbsx5test-2@split_lib_dependencies_apk.apk@classes.dex) because non-0 exit status
12-10 07:45:03.830  1596  2189 I Icing   : Indexing D7E0E1447E809C497C8CBE27F24DCA01D594E6AE from com.google.android.googlequicksearchbox
12-10 07:45:03.881  1596  2189 I Icing   : Indexing done D7E0E1447E809C497C8CBE27F24DCA01D594E6AE
12-10 07:45:04.053 16315 16315 E dex2oat : Failed to create oat file: /data/dalvik-cache/arm/data@app@com.thinkman.tbsx5test-2@split_lib_slice_0_apk.apk@classes.dex: Permission denied
12-10 07:45:04.053 16315 16315 I dex2oat : dex2oat took 818.698us (threads: 4) 
12-10 07:45:04.057 16280 16280 W art     : Failed execv(/system/bin/dex2oat --runtime-arg -classpath --runtime-arg  --debuggable --instruction-set=arm --instruction-set-features=smp,div,atomic_ldrd_strd --runtime-arg -Xrelocate --boot-image=/system/framework/boot.art --runtime-arg -Xms64m --runtime-arg -Xmx512m --instruction-set-variant=krait --instruction-set-features=default --dex-file=/data/app/com.thinkman.tbsx5test-2/split_lib_slice_0_apk.apk --oat-file=/data/dalvik-cache/arm/data@app@com.thinkman.tbsx5test-2@split_lib_slice_0_apk.apk@classes.dex) because non-0 exit status
12-10 07:45:04.136 16317 16317 E dex2oat : Failed to create oat file: /data/dalvik-cache/arm/data@app@com.thinkman.tbsx5test-2@split_lib_slice_1_apk.apk@classes.dex: Permission denied
12-10 07:45:04.137 16317 16317 I dex2oat : dex2oat took 935us (threads: 4) 
12-10 07:45:04.144 16280 16280 W art     : Failed execv(/system/bin/dex2oat --runtime-arg -classpath --runtime-arg  --debuggable --instruction-set=arm --instruction-set-features=smp,div,atomic_ldrd_strd --runtime-arg -Xrelocate --boot-image=/system/framework/boot.art --runtime-arg -Xms64m --runtime-arg -Xmx512m --instruction-set-variant=krait --instruction-set-features=default --dex-file=/data/app/com.thinkman.tbsx5test-2/split_lib_slice_1_apk.apk --oat-file=/data/dalvik-cache/arm/data@app@com.thinkman.tbsx5test-2@split_lib_slice_1_apk.apk@classes.dex) because non-0 exit status
12-10 07:45:04.227 16323 16323 E dex2oat : Failed to create oat file: /data/dalvik-cache/arm/data@app@com.thinkman.tbsx5test-2@split_lib_slice_2_apk.apk@classes.dex: Permission denied
12-10 07:45:04.227 16323 16323 I dex2oat : dex2oat took 886.666us (threads: 4) 
12-10 07:45:04.231 16280 16280 W art     : Failed execv(/system/bin/dex2oat --runtime-arg -classpath --runtime-arg  --debuggable --instruction-set=arm --instruction-set-features=smp,div,atomic_ldrd_strd --runtime-arg -Xrelocate --boot-image=/system/framework/boot.art --runtime-arg -Xms64m --runtime-arg -Xmx512m --instruction-set-variant=krait --instruction-set-features=default --dex-file=/data/app/com.thinkman.tbsx5test-2/split_lib_slice_2_apk.apk --oat-file=/data/dalvik-cache/arm/data@app@com.thinkman.tbsx5test-2@split_lib_slice_2_apk.apk@classes.dex) because non-0 exit status
12-10 07:45:04.324 16325 16325 E dex2oat : Failed to create oat file: /data/dalvik-cache/arm/data@app@com.thinkman.tbsx5test-2@split_lib_slice_3_apk.apk@classes.dex: Permission denied
12-10 07:45:04.324 16325 16325 I dex2oat : dex2oat took 1.101ms (threads: 4) 
12-10 07:45:04.329 16280 16280 W art     : Failed execv(/system/bin/dex2oat --runtime-arg -classpath --runtime-arg  --debuggable --instruction-set=arm --instruction-set-features=smp,div,atomic_ldrd_strd --runtime-arg -Xrelocate --boot-image=/system/framework/boot.art --runtime-arg -Xms64m --runtime-arg -Xmx512m --instruction-set-variant=krait --instruction-set-features=default --dex-file=/data/app/com.thinkman.tbsx5test-2/split_lib_slice_3_apk.apk --oat-file=/data/dalvik-cache/arm/data@app@com.thinkman.tbsx5test-2@split_lib_slice_3_apk.apk@classes.dex) because non-0 exit status
12-10 07:45:04.407 16327 16327 E dex2oat : Failed to create oat file: /data/dalvik-cache/arm/data@app@com.thinkman.tbsx5test-2@split_lib_slice_4_apk.apk@classes.dex: Permission denied
12-10 07:45:04.407 16327 16327 I dex2oat : dex2oat took 883.594us (threads: 4) 
12-10 07:45:04.411 16280 16280 W art     : Failed execv(/system/bin/dex2oat --runtime-arg -classpath --runtime-arg  --debuggable --instruction-set=arm --instruction-set-features=smp,div,atomic_ldrd_strd --runtime-arg -Xrelocate --boot-image=/system/framework/boot.art --runtime-arg -Xms64m --runtime-arg -Xmx512m --instruction-set-variant=krait --instruction-set-features=default --dex-file=/data/app/com.thinkman.tbsx5test-2/split_lib_slice_4_apk.apk --oat-file=/data/dalvik-cache/arm/data@app@com.thinkman.tbsx5test-2@split_lib_slice_4_apk.apk@classes.dex) because non-0 exit status
12-10 07:45:04.487 16329 16329 E dex2oat : Failed to create oat file: /data/dalvik-cache/arm/data@app@com.thinkman.tbsx5test-2@split_lib_slice_5_apk.apk@classes.dex: Permission denied
12-10 07:45:04.487 16329 16329 I dex2oat : dex2oat took 829.323us (threads: 4) 
12-10 07:45:04.491 16280 16280 W art     : Failed execv(/system/bin/dex2oat --runtime-arg -classpath --runtime-arg  --debuggable --instruction-set=arm --instruction-set-features=smp,div,atomic_ldrd_strd --runtime-arg -Xrelocate --boot-image=/system/framework/boot.art --runtime-arg -Xms64m --runtime-arg -Xmx512m --instruction-set-variant=krait --instruction-set-features=default --dex-file=/data/app/com.thinkman.tbsx5test-2/split_lib_slice_5_apk.apk --oat-file=/data/dalvik-cache/arm/data@app@com.thinkman.tbsx5test-2@split_lib_slice_5_apk.apk@classes.dex) because non-0 exit status
12-10 07:45:04.559 16331 16331 E dex2oat : Failed to create oat file: /data/dalvik-cache/arm/data@app@com.thinkman.tbsx5test-2@split_lib_slice_6_apk.apk@classes.dex: Permission denied
12-10 07:45:04.560 16331 16331 I dex2oat : dex2oat took 891.459us (threads: 4) 
12-10 07:45:04.564 16280 16280 W art     : Failed execv(/system/bin/dex2oat --runtime-arg -classpath --runtime-arg  --debuggable --instruction-set=arm --instruction-set-features=smp,div,atomic_ldrd_strd --runtime-arg -Xrelocate --boot-image=/system/framework/boot.art --runtime-arg -Xms64m --runtime-arg -Xmx512m --instruction-set-variant=krait --instruction-set-features=default --dex-file=/data/app/com.thinkman.tbsx5test-2/split_lib_slice_6_apk.apk --oat-file=/data/dalvik-cache/arm/data@app@com.thinkman.tbsx5test-2@split_lib_slice_6_apk.apk@classes.dex) because non-0 exit status
12-10 07:45:04.632 16333 16333 E dex2oat : Failed to create oat file: /data/dalvik-cache/arm/data@app@com.thinkman.tbsx5test-2@split_lib_slice_7_apk.apk@classes.dex: Permission denied
12-10 07:45:04.632 16333 16333 I dex2oat : dex2oat took 1.221ms (threads: 4) 
12-10 07:45:04.636 16280 16280 W art     : Failed execv(/system/bin/dex2oat --runtime-arg -classpath --runtime-arg  --debuggable --instruction-set=arm --instruction-set-features=smp,div,atomic_ldrd_strd --runtime-arg -Xrelocate --boot-image=/system/framework/boot.art --runtime-arg -Xms64m --runtime-arg -Xmx512m --instruction-set-variant=krait --instruction-set-features=default --dex-file=/data/app/com.thinkman.tbsx5test-2/split_lib_slice_7_apk.apk --oat-file=/data/dalvik-cache/arm/data@app@com.thinkman.tbsx5test-2@split_lib_slice_7_apk.apk@classes.dex) because non-0 exit status
12-10 07:45:04.703 16335 16335 E dex2oat : Failed to create oat file: /data/dalvik-cache/arm/data@app@com.thinkman.tbsx5test-2@split_lib_slice_8_apk.apk@classes.dex: Permission denied
12-10 07:45:04.703 16335 16335 I dex2oat : dex2oat took 1.023ms (threads: 4) 
12-10 07:45:04.707 16280 16280 W art     : Failed execv(/system/bin/dex2oat --runtime-arg -classpath --runtime-arg  --debuggable --instruction-set=arm --instruction-set-features=smp,div,atomic_ldrd_strd --runtime-arg -Xrelocate --boot-image=/system/framework/boot.art --runtime-arg -Xms64m --runtime-arg -Xmx512m --instruction-set-variant=krait --instruction-set-features=default --dex-file=/data/app/com.thinkman.tbsx5test-2/split_lib_slice_8_apk.apk --oat-file=/data/dalvik-cache/arm/data@app@com.thinkman.tbsx5test-2@split_lib_slice_8_apk.apk@classes.dex) because non-0 exit status
12-10 07:45:04.779 16337 16337 E dex2oat : Failed to create oat file: /data/dalvik-cache/arm/data@app@com.thinkman.tbsx5test-2@split_lib_slice_9_apk.apk@classes.dex: Permission denied
12-10 07:45:04.779 16337 16337 I dex2oat : dex2oat took 966.043us (threads: 4) 
12-10 07:45:04.784 16280 16280 W art     : Failed execv(/system/bin/dex2oat --runtime-arg -classpath --runtime-arg  --debuggable --instruction-set=arm --instruction-set-features=smp,div,atomic_ldrd_strd --runtime-arg -Xrelocate --boot-image=/system/framework/boot.art --runtime-arg -Xms64m --runtime-arg -Xmx512m --instruction-set-variant=krait --instruction-set-features=default --dex-file=/data/app/com.thinkman.tbsx5test-2/split_lib_slice_9_apk.apk --oat-file=/data/dalvik-cache/arm/data@app@com.thinkman.tbsx5test-2@split_lib_slice_9_apk.apk@classes.dex) because non-0 exit status
12-10 07:45:04.788 16280 16280 W System  : ClassLoader referenced unknown path: /data/app/com.thinkman.tbsx5test-2/lib/arm
12-10 07:45:04.802 16280 16280 I InstantRun: starting instant run server: is main process
12-10 07:45:04.997 16280 16342 W System.err: java.lang.SecurityException: getDeviceId: Neither user 10092 nor current process has android.permission.READ_PHONE_STATE.
12-10 07:45:04.997 16280 16342 W System.err: 	at android.os.Parcel.readException(Parcel.java:1620)
12-10 07:45:04.997 16280 16342 W System.err: 	at android.os.Parcel.readException(Parcel.java:1573)
12-10 07:45:04.997 16280 16342 W System.err: 	at com.android.internal.telephony.ITelephony$Stub$Proxy.getDeviceId(ITelephony.java:4207)
12-10 07:45:04.997 16280 16342 W System.err: 	at android.telephony.TelephonyManager.getDeviceId(TelephonyManager.java:706)
12-10 07:45:04.997 16280 16342 W System.err: 	at com.tencent.smtt.utils.b.c(Unknown Source)
12-10 07:45:04.997 16280 16342 W System.err: 	at com.tencent.smtt.sdk.TbsLogReport.a(Unknown Source)
12-10 07:45:04.997 16280 16342 W System.err: 	at com.tencent.smtt.sdk.TbsLogReport.a(Unknown Source)
12-10 07:45:04.997 16280 16342 W System.err: 	at com.tencent.smtt.sdk.aw.handleMessage(Unknown Source)
12-10 07:45:04.997 16280 16342 W System.err: 	at android.os.Handler.dispatchMessage(Handler.java:102)
12-10 07:45:04.997 16280 16342 W System.err: 	at android.os.Looper.loop(Looper.java:148)
12-10 07:45:04.998 16280 16342 W System.err: 	at android.os.HandlerThread.run(HandlerThread.java:61)
12-10 07:45:05.177 16280 16280 W art     : Before Android 4.1, method android.graphics.PorterDuffColorFilter android.support.graphics.drawable.VectorDrawableCompat.updateTintFilter(android.graphics.PorterDuffColorFilter, android.content.res.ColorStateList, android.graphics.PorterDuff$Mode) would have incorrectly overridden the package-private method in android.graphics.drawable.Drawable
12-10 07:45:05.283 16280 16280 I art     : Rejecting re-init on previously-failed class java.lang.Class<android.support.v4.view.ViewCompat$OnUnhandledKeyEventListenerWrapper>
12-10 07:45:05.283 16280 16280 I art     : Rejecting re-init on previously-failed class java.lang.Class<android.support.v4.view.ViewCompat$OnUnhandledKeyEventListenerWrapper>
12-10 07:45:05.518 16280 16280 I WebViewFactory: Loading com.google.android.webview version 44.0.2403.117 (code 246011700)
12-10 07:45:05.557 16280 16280 W System  : ClassLoader referenced unknown path: /system/app/WebViewGoogle/lib/arm
12-10 07:45:05.568 16280 16280 I LibraryLoader: Time to load native libraries: 5 ms (timestamps 3254-3259)
12-10 07:45:05.568 16280 16280 I LibraryLoader: Expected native library version number "",actual native library version number ""
12-10 07:45:05.591 16280 16280 V WebViewChromiumFactoryProvider: Binding Chromium to main looper Looper (main, tid 1) {9431658}
12-10 07:45:05.592 16280 16280 I LibraryLoader: Expected native library version number "",actual native library version number ""
12-10 07:45:05.592 16280 16280 I chromium: [INFO:library_loader_hooks.cc(120)] Chromium logging enabled: level = 0, default verbosity = 0
12-10 07:45:05.603 16280 16280 I BrowserStartupController: Initializing chromium process, singleProcess=true
12-10 07:45:05.604 16280 16280 W art     : Attempt to remove non-JNI local reference, dumping thread
12-10 07:45:05.605 16280 16280 E SysUtils: ApplicationContext is null in ApplicationStatus
12-10 07:45:05.626 16280 16280 W chromium: [WARNING:resource_bundle.cc(285)] locale_file_path.empty()
12-10 07:45:05.635 16280 16280 E libEGL  : validate_display:255 error 3008 (EGL_BAD_DISPLAY)
12-10 07:45:05.635 16280 16280 E libEGL  : validate_display:255 error 3008 (EGL_BAD_DISPLAY)
12-10 07:45:05.636 16280 16280 I Adreno-EGL: <qeglDrvAPI_eglInitialize:379>: QUALCOMM Build: 10/21/15, 369a2ea, I96aee987eb
12-10 07:45:05.716 16280 16359 W AudioManagerAndroid: Requires BLUETOOTH permission
12-10 07:45:05.738   531   531 W Binder_4: type=1400 audit(0.0:8152): avc: denied { ioctl } for path="socket:[499279]" dev="sockfs" ino=499279 ioctlcmd=7704 scontext=u:r:surfaceflinger:s0 tcontext=u:r:surfaceflinger:s0 tclass=unix_stream_socket permissive=0
12-10 07:45:05.738   531   531 W Binder_4: type=1400 audit(0.0:8153): avc: denied { ioctl } for path="socket:[499279]" dev="sockfs" ino=499279 ioctlcmd=7704 scontext=u:r:surfaceflinger:s0 tcontext=u:r:surfaceflinger:s0 tclass=unix_stream_socket permissive=0
12-10 07:45:05.750 16280 16280 W art     : Attempt to remove non-JNI local reference, dumping thread
12-10 07:45:05.761 16280 16280 W AwContents: onDetachedFromWindow called when already detached. Ignoring
12-10 07:45:05.797 16280 16280 D THINKMAN: [2018-12-10 07:45:05] MainActivity.onCreate():32    Hello World
12-10 07:45:05.878   531   531 W Binder_4: type=1400 audit(0.0:8154): avc: denied { ioctl } for path="socket:[499296]" dev="sockfs" ino=499296 ioctlcmd=7704 scontext=u:r:surfaceflinger:s0 tcontext=u:r:surfaceflinger:s0 tclass=unix_stream_socket permissive=0
12-10 07:45:05.878   531   531 W Binder_4: type=1400 audit(0.0:8155): avc: denied { ioctl } for path="socket:[499296]" dev="sockfs" ino=499296 ioctlcmd=7704 scontext=u:r:surfaceflinger:s0 tcontext=u:r:surfaceflinger:s0 tclass=unix_stream_socket permissive=0
12-10 07:45:05.882 16280 16370 D OpenGLRenderer: Use EGL_SWAP_BEHAVIOR_PRESERVED: true
12-10 07:45:05.923 16280 16357 W chromium: [WARNING:data_reduction_proxy_config.cc(423)] SPDY proxy OFF at startup
12-10 07:45:05.918  2875  2875 W Binder_B: type=1400 audit(0.0:8156): avc: denied { ioctl } for path="socket:[500589]" dev="sockfs" ino=500589 ioctlcmd=7704 scontext=u:r:system_server:s0 tcontext=u:r:system_server:s0 tclass=unix_stream_socket permissive=0
12-10 07:45:05.918  2875  2875 W Binder_B: type=1400 audit(0.0:8157): avc: denied { ioctl } for path="socket:[500589]" dev="sockfs" ino=500589 ioctlcmd=7704 scontext=u:r:system_server:s0 tcontext=u:r:system_server:s0 tclass=unix_stream_socket permissive=0
12-10 07:45:05.989 16280 16370 I OpenGLRenderer: Initialized EGL, version 1.4
12-10 07:45:06.096 16280 16280 W art     : Before Android 4.1, method int android.support.v7.widget.DropDownListView.lookForSelectablePosition(int, boolean) would have incorrectly overridden the package-private method in android.widget.ListView
12-10 07:45:06.140   784   803 I ActivityManager: Displayed com.thinkman.tbsx5test/.MainActivity: +2s682ms
12-10 07:45:06.152  1439  1439 I Keyboard.Facilitator: onFinishInput()
12-10 07:45:06.138  1663  1663 W Binder_8: type=1400 audit(0.0:8158): avc: denied { ioctl } for path="socket:[500596]" dev="sockfs" ino=500596 ioctlcmd=7704 scontext=u:r:system_server:s0 tcontext=u:r:system_server:s0 tclass=unix_stream_socket permissive=0
12-10 07:45:06.138  1663  1663 W Binder_8: type=1400 audit(0.0:8159): avc: denied { ioctl } for path="socket:[500596]" dev="sockfs" ino=500596 ioctlcmd=7704 scontext=u:r:system_server:s0 tcontext=u:r:system_server:s0 tclass=unix_stream_socket permissive=0
12-10 07:45:06.148  1667  1667 W Binder_9: type=1400 audit(0.0:8160): avc: denied { ioctl } for path="socket:[500595]" dev="sockfs" ino=500595 ioctlcmd=7704 scontext=u:r:system_server:s0 tcontext=u:r:system_server:s0 tclass=unix_stream_socket permissive=0
12-10 07:45:06.148  1667  1667 W Binder_9: type=1400 audit(0.0:8161): avc: denied { ioctl } for path="socket:[500595]" dev="sockfs" ino=500595 ioctlcmd=7704 scontext=u:r:system_server:s0 tcontext=u:r:system_server:s0 tclass=unix_stream_socket permissive=0
12-10 07:45:06.289 16280 16280 W BindingManager: Cannot call determinedVisibility() - never saw a connection for the pid: 16280
12-10 07:45:06.548 16280 16342 W System.err: java.lang.SecurityException: getDeviceId: Neither user 10092 nor current process has android.permission.READ_PHONE_STATE.
12-10 07:45:06.548 16280 16342 W System.err: 	at android.os.Parcel.readException(Parcel.java:1620)
12-10 07:45:06.548 16280 16342 W System.err: 	at android.os.Parcel.readException(Parcel.java:1573)
12-10 07:45:06.548 16280 16342 W System.err: 	at com.android.internal.telephony.ITelephony$Stub$Proxy.getDeviceId(ITelephony.java:4207)
12-10 07:45:06.548 16280 16342 W System.err: 	at android.telephony.TelephonyManager.getDeviceId(TelephonyManager.java:706)
12-10 07:45:06.548 16280 16342 W System.err: 	at com.tencent.smtt.utils.b.c(Unknown Source)
12-10 07:45:06.548 16280 16342 W System.err: 	at com.tencent.smtt.sdk.TbsLogReport.a(Unknown Source)
12-10 07:45:06.548 16280 16342 W System.err: 	at com.tencent.smtt.sdk.TbsLogReport.a(Unknown Source)
12-10 07:45:06.548 16280 16342 W System.err: 	at com.tencent.smtt.sdk.aw.handleMessage(Unknown Source)
12-10 07:45:06.548 16280 16342 W System.err: 	at android.os.Handler.dispatchMessage(Handler.java:102)
12-10 07:45:06.548 16280 16342 W System.err: 	at android.os.Looper.loop(Looper.java:148)
12-10 07:45:06.548 16280 16342 W System.err: 	at android.os.HandlerThread.run(HandlerThread.java:61)
12-10 07:45:07.678  1109  1109 I ConfigService: onDestroy
12-10 07:45:12.861   784   880 I InputReader: Reconfiguring input devices.  changes=0x00000010
12-10 07:45:13.025 15129 16425 I UpdateIcingCorporaServi: Updating corpora: APPS=com.google.android.gms, CONTACTS=MAYBE
12-10 07:45:13.042  1596 16427 D PackageBroadcastService: Received broadcast action=android.intent.action.PACKAGE_CHANGED and uri=com.google.android.gms
12-10 07:45:13.056  1805  1805 V GmsNetworkLocationProvi: DISABLE
12-10 07:45:13.062  1596 16427 I PackageBroadcastService: Null package name or gms related package.  Ignoreing.
12-10 07:45:13.088  1596  2189 I Icing   : updateResources: need to parse f{com.google.android.gms}
12-10 07:45:13.096 15129 16425 I UpdateIcingCorporaServi: UpdateCorporaTask done [took 70 ms] updated apps [took 70 ms] 
12-10 07:45:13.135  1805  1986 V GmsNetworkLocationProvi: onSetRequest: ProviderRequestUnbundled, reportLocation is true and interval is 86400000
12-10 07:45:13.137  1805  1805 V GmsNetworkLocationProvi: ENABLE
12-10 07:45:13.141  1805  1805 V GmsNetworkLocationProvi: SET-REQUEST
12-10 07:45:13.141  1805  1805 V GmsNetworkLocationProvi: in Handler: ProviderRequestUnbundled, reportLocation is true and interval is 86400000
12-10 07:45:13.154   784   796 D ActivityRecognitionProxy: AR HW instance not available, binding will be a no-op.
12-10 07:45:13.158   784  2875 D WifiService: acquireWifiLockLocked: WifiLock{NlpWifiLock type=2 binder=android.os.BinderProxy@7ef5398}
12-10 07:45:13.160   784   906 D wifi    : Initialized common fields 10000, 16, 100, 10
12-10 07:45:13.160   784   906 D wifi    : bucket[0] = 2:3:10000:2
12-10 07:45:13.180   784  1663 D WifiService: releaseWifiLockLocked: WifiLock{NlpWifiLock type=2 binder=android.os.BinderProxy@7ef5398}
12-10 07:45:14.077  1805  1954 W System.err: java.net.ConnectException: failed to connect to www.google.com/31.13.73.23 (port 443) after 60000ms: isConnected failed: ECONNREFUSED (Connection refused)
12-10 07:45:14.077  1805  1954 W System.err: 	at libcore.io.IoBridge.isConnected(IoBridge.java:234)
12-10 07:45:14.077  1805  1954 W System.err: 	at libcore.io.IoBridge.connectErrno(IoBridge.java:171)
12-10 07:45:14.077  1805  1954 W System.err: 	at libcore.io.IoBridge.connect(IoBridge.java:122)
12-10 07:45:14.077  1805  1954 W System.err: 	at java.net.PlainSocketImpl.connect(PlainSocketImpl.java:183)
12-10 07:45:14.077  1805  1954 W System.err: 	at java.net.PlainSocketImpl.connect(PlainSocketImpl.java:452)
12-10 07:45:14.077  1805  1954 W System.err: 	at java.net.Socket.connect(Socket.java:884)
12-10 07:45:14.077  1805  1954 W System.err: 	at com.android.okhttp.internal.Platform.connectSocket(Platform.java:117)
12-10 07:45:14.077  1805  1954 W System.err: 	at com.android.okhttp.internal.http.SocketConnector.connectRawSocket(SocketConnector.java:160)
12-10 07:45:14.078  1805  1954 W System.err: 	at com.android.okhttp.internal.http.SocketConnector.connectTls(SocketConnector.java:79)
12-10 07:45:14.078  1805  1954 W System.err: 	at com.android.okhttp.Connection.connect(Connection.java:143)
12-10 07:45:14.078  1805  1954 W System.err: 	at com.android.okhttp.Connection.connectAndSetOwner(Connection.java:185)
12-10 07:45:14.078  1805  1954 W System.err: 	at com.android.okhttp.OkHttpClient$1.connectAndSetOwner(OkHttpClient.java:128)
12-10 07:45:14.078  1805  1954 W System.err: 	at com.android.okhttp.internal.http.HttpEngine.nextConnection(HttpEngine.java:341)
12-10 07:45:14.078  1805  1954 W System.err: 	at com.android.okhttp.internal.http.HttpEngine.connect(HttpEngine.java:330)
12-10 07:45:14.078  1805  1954 W System.err: 	at com.android.okhttp.internal.http.HttpEngine.sendRequest(HttpEngine.java:248)
12-10 07:45:14.078  1805  1954 W System.err: 	at com.android.okhttp.internal.huc.HttpURLConnectionImpl.execute(HttpURLConnectionImpl.java:437)
12-10 07:45:14.078  1805  1954 W System.err: 	at com.android.okhttp.internal.huc.HttpURLConnectionImpl.connect(HttpURLConnectionImpl.java:114)
12-10 07:45:14.078  1805  1954 W System.err: 	at com.android.okhttp.internal.huc.HttpURLConnectionImpl.getOutputStream(HttpURLConnectionImpl.java:245)
