--------- beginning of main
12-10 07:42:28.511  1109  1109 I ConfigService: onDestroy
12-10 07:42:31.269 15713 15713 D AndroidRuntime: >>>>>> START com.android.internal.os.RuntimeInit uid 2000 <<<<<<
12-10 07:42:31.275 15713 15713 D AndroidRuntime: CheckJNI is OFF
12-10 07:42:31.295 15715 15715 D AndroidRuntime: >>>>>> START com.android.internal.os.RuntimeInit uid 2000 <<<<<<
12-10 07:42:31.303 15715 15715 D AndroidRuntime: CheckJNI is OFF
12-10 07:42:31.341 15713 15713 D ICU     : No timezone override file found: /data/misc/zoneinfo/current/icu/icu_tzdata.dat
12-10 07:42:31.365 15715 15715 D ICU     : No timezone override file found: /data/misc/zoneinfo/current/icu/icu_tzdata.dat
12-10 07:42:31.403 15713 15713 I Radio-JNI: register_android_hardware_Radio DONE
12-10 07:42:31.429 15715 15715 I Radio-JNI: register_android_hardware_Radio DONE
12-10 07:42:31.437 15713 15713 D AndroidRuntime: Calling main entry com.android.commands.am.Am
--------- beginning of system
12-10 07:42:31.440   784  1127 I ActivityManager: Force stopping com.thinkman.tbsx5test appid=10092 user=0: from pid 15713
12-10 07:42:31.442 15713 15713 D AndroidRuntime: Shutting down VM
12-10 07:42:31.473 15715 15715 D AndroidRuntime: Calling main entry com.android.commands.wm.Wm
12-10 07:42:31.475 15715 15715 D AndroidRuntime: Shutting down VM
12-10 07:42:32.662 15760 15760 D AndroidRuntime: >>>>>> START com.android.internal.os.RuntimeInit uid 2000 <<<<<<
12-10 07:42:32.669 15760 15760 D AndroidRuntime: CheckJNI is OFF
12-10 07:42:32.738 15760 15760 D ICU     : No timezone override file found: /data/misc/zoneinfo/current/icu/icu_tzdata.dat
12-10 07:42:32.804 15760 15760 I Radio-JNI: register_android_hardware_Radio DONE
12-10 07:42:32.838 15760 15760 D AndroidRuntime: Calling main entry com.android.commands.am.Am
12-10 07:42:32.843   784   981 I ActivityManager: START u0 {act=android.intent.action.MAIN cat=[android.intent.category.LAUNCHER] flg=0x10000000 cmp=com.thinkman.tbsx5test/.MainActivity} from uid 2000 on display 0
12-10 07:42:32.864 15129 15151 W SearchService: Abort, client detached.
12-10 07:42:32.866 15760 15760 D AndroidRuntime: Shutting down VM
12-10 07:42:32.868 15129 15279 I MicrophoneInputStream: mic_close com.google.android.apps.gsa.speech.audio.x@a18db67
12-10 07:42:32.868 15129 15325 E AudioRecord-JNI: Error -4 during AudioRecord native read
12-10 07:42:32.866 15129 15129 I HotwordDetector: Closing mic
12-10 07:42:32.918   784  1716 I ActivityManager: Start proc 15774:com.thinkman.tbsx5test/u0a92 for activity com.thinkman.tbsx5test/.MainActivity
12-10 07:42:32.928   197 15327 D audio_hw_primary: disable_audio_route: reset and update mixer path: audio-record
12-10 07:42:32.928   197 15327 D audio_hw_primary: disable_snd_device: snd_device(61: voice-rec-mic)
12-10 07:42:32.937 15129 15295 I MicroRecognitionRnrImpl: Stopping hotword detection.
12-10 07:42:32.938 15129 15324 I MicroRecognitionRnrImpl: Detection finished
12-10 07:42:32.942 15774 15774 I art     : Late-enabling -Xcheck:jni
12-10 07:42:33.011  1805  1892 D GCoreFlp: FLP HAL exists but batch size is <= 0.  Disabling FLP HAL.
12-10 07:42:33.086 15800 15800 E dex2oat : Failed to create oat file: /data/dalvik-cache/arm/data@app@com.thinkman.tbsx5test-1@split_lib_dependencies_apk.apk@classes.dex: Permission denied
12-10 07:42:33.086 15800 15800 I dex2oat : dex2oat took 1.021ms (threads: 4) 
12-10 07:42:33.090 15774 15774 W art     : Failed execv(/system/bin/dex2oat --runtime-arg -classpath --runtime-arg  --debuggable --instruction-set=arm --instruction-set-features=smp,div,atomic_ldrd_strd --runtime-arg -Xrelocate --boot-image=/system/framework/boot.art --runtime-arg -Xms64m --runtime-arg -Xmx512m --instruction-set-variant=krait --instruction-set-features=default --dex-file=/data/app/com.thinkman.tbsx5test-1/split_lib_dependencies_apk.apk --oat-file=/data/dalvik-cache/arm/data@app@com.thinkman.tbsx5test-1@split_lib_dependencies_apk.apk@classes.dex) because non-0 exit status
12-10 07:42:33.413 15807 15807 E dex2oat : Failed to create oat file: /data/dalvik-cache/arm/data@app@com.thinkman.tbsx5test-1@split_lib_slice_0_apk.apk@classes.dex: Permission denied
12-10 07:42:33.413 15807 15807 I dex2oat : dex2oat took 1.097ms (threads: 4) 
12-10 07:42:33.422 15774 15774 W art     : Failed execv(/system/bin/dex2oat --runtime-arg -classpath --runtime-arg  --debuggable --instruction-set=arm --instruction-set-features=smp,div,atomic_ldrd_strd --runtime-arg -Xrelocate --boot-image=/system/framework/boot.art --runtime-arg -Xms64m --runtime-arg -Xmx512m --instruction-set-variant=krait --instruction-set-features=default --dex-file=/data/app/com.thinkman.tbsx5test-1/split_lib_slice_0_apk.apk --oat-file=/data/dalvik-cache/arm/data@app@com.thinkman.tbsx5test-1@split_lib_slice_0_apk.apk@classes.dex) because non-0 exit status
12-10 07:42:33.501 15814 15814 E dex2oat : Failed to create oat file: /data/dalvik-cache/arm/data@app@com.thinkman.tbsx5test-1@split_lib_slice_1_apk.apk@classes.dex: Permission denied
12-10 07:42:33.501 15814 15814 I dex2oat : dex2oat took 1.627ms (threads: 4) 
12-10 07:42:33.506 15774 15774 W art     : Failed execv(/system/bin/dex2oat --runtime-arg -classpath --runtime-arg  --debuggable --instruction-set=arm --instruction-set-features=smp,div,atomic_ldrd_strd --runtime-arg -Xrelocate --boot-image=/system/framework/boot.art --runtime-arg -Xms64m --runtime-arg -Xmx512m --instruction-set-variant=krait --instruction-set-features=default --dex-file=/data/app/com.thinkman.tbsx5test-1/split_lib_slice_1_apk.apk --oat-file=/data/dalvik-cache/arm/data@app@com.thinkman.tbsx5test-1@split_lib_slice_1_apk.apk@classes.dex) because non-0 exit status
12-10 07:42:33.580 15816 15816 E dex2oat : Failed to create oat file: /data/dalvik-cache/arm/data@app@com.thinkman.tbsx5test-1@split_lib_slice_2_apk.apk@classes.dex: Permission denied
12-10 07:42:33.580 15816 15816 I dex2oat : dex2oat took 970.364us (threads: 4) 
12-10 07:42:33.585 15774 15774 W art     : Failed execv(/system/bin/dex2oat --runtime-arg -classpath --runtime-arg  --debuggable --instruction-set=arm --instruction-set-features=smp,div,atomic_ldrd_strd --runtime-arg -Xrelocate --boot-image=/system/framework/boot.art --runtime-arg -Xms64m --runtime-arg -Xmx512m --instruction-set-variant=krait --instruction-set-features=default --dex-file=/data/app/com.thinkman.tbsx5test-1/split_lib_slice_2_apk.apk --oat-file=/data/dalvik-cache/arm/data@app@com.thinkman.tbsx5test-1@split_lib_slice_2_apk.apk@classes.dex) because non-0 exit status
12-10 07:42:33.653   784   880 I InputReader: Reconfiguring input devices.  changes=0x00000010
12-10 07:42:33.713  1805  1805 V GmsNetworkLocationProvi: DISABLE
12-10 07:42:33.730 15818 15818 E dex2oat : Failed to create oat file: /data/dalvik-cache/arm/data@app@com.thinkman.tbsx5test-1@split_lib_slice_3_apk.apk@classes.dex: Permission denied
12-10 07:42:33.730 15818 15818 I dex2oat : dex2oat took 1.021ms (threads: 4) 
12-10 07:42:33.734 15774 15774 W art     : Failed execv(/system/bin/dex2oat --runtime-arg -classpath --runtime-arg  --debuggable --instruction-set=arm --instruction-set-features=smp,div,atomic_ldrd_strd --runtime-arg -Xrelocate --boot-image=/system/framework/boot.art --runtime-arg -Xms64m --runtime-arg -Xmx512m --instruction-set-variant=krait --instruction-set-features=default --dex-file=/data/app/com.thinkman.tbsx5test-1/split_lib_slice_3_apk.apk --oat-file=/data/dalvik-cache/arm/data@app@com.thinkman.tbsx5test-1@split_lib_slice_3_apk.apk@classes.dex) because non-0 exit status
12-10 07:42:33.783  1596 15834 D PackageBroadcastService: Received broadcast action=android.intent.action.PACKAGE_CHANGED and uri=com.google.android.gms
12-10 07:42:33.791  1596 15834 I PackageBroadcastService: Null package name or gms related package.  Ignoreing.
12-10 07:42:33.793 15129 15835 I UpdateIcingCorporaServi: Updating corpora: APPS=com.google.android.gms, CONTACTS=MAYBE
12-10 07:42:33.818 15831 15831 E dex2oat : Failed to create oat file: /data/dalvik-cache/arm/data@app@com.thinkman.tbsx5test-1@split_lib_slice_4_apk.apk@classes.dex: Permission denied
12-10 07:42:33.818 15831 15831 I dex2oat : dex2oat took 895.781us (threads: 4) 
12-10 07:42:33.822 15774 15774 W art     : Failed execv(/system/bin/dex2oat --runtime-arg -classpath --runtime-arg  --debuggable --instruction-set=arm --instruction-set-features=smp,div,atomic_ldrd_strd --runtime-arg -Xrelocate --boot-image=/system/framework/boot.art --runtime-arg -Xms64m --runtime-arg -Xmx512m --instruction-set-variant=krait --instruction-set-features=default --dex-file=/data/app/com.thinkman.tbsx5test-1/split_lib_slice_4_apk.apk --oat-file=/data/dalvik-cache/arm/data@app@com.thinkman.tbsx5test-1@split_lib_slice_4_apk.apk@classes.dex) because non-0 exit status
12-10 07:42:33.825  1596  2189 I Icing   : updateResources: need to parse f{com.google.android.gms}
12-10 07:42:33.847 15129 15835 I UpdateIcingCorporaServi: UpdateCorporaTask done [took 54 ms] updated apps [took 54 ms] 
12-10 07:42:33.908 15843 15843 E dex2oat : Failed to create oat file: /data/dalvik-cache/arm/data@app@com.thinkman.tbsx5test-1@split_lib_slice_5_apk.apk@classes.dex: Permission denied
12-10 07:42:33.908 15843 15843 I dex2oat : dex2oat took 888.073us (threads: 4) 
12-10 07:42:33.912 15774 15774 W art     : Failed execv(/system/bin/dex2oat --runtime-arg -classpath --runtime-arg  --debuggable --instruction-set=arm --instruction-set-features=smp,div,atomic_ldrd_strd --runtime-arg -Xrelocate --boot-image=/system/framework/boot.art --runtime-arg -Xms64m --runtime-arg -Xmx512m --instruction-set-variant=krait --instruction-set-features=default --dex-file=/data/app/com.thinkman.tbsx5test-1/split_lib_slice_5_apk.apk --oat-file=/data/dalvik-cache/arm/data@app@com.thinkman.tbsx5test-1@split_lib_slice_5_apk.apk@classes.dex) because non-0 exit status
12-10 07:42:33.939  1805  1805 V GmsNetworkLocationProvi: ENABLE
12-10 07:42:33.941  1805  4037 V GmsNetworkLocationProvi: onSetRequest: ProviderRequestUnbundled, reportLocation is true and interval is 86400000
12-10 07:42:33.941  1805  1805 V GmsNetworkLocationProvi: SET-REQUEST
12-10 07:42:33.941  1805  1805 V GmsNetworkLocationProvi: in Handler: ProviderRequestUnbundled, reportLocation is true and interval is 86400000
12-10 07:42:33.952   784   978 D WifiService: acquireWifiLockLocked: WifiLock{NlpWifiLock type=2 binder=android.os.BinderProxy@11c6fcc}
12-10 07:42:33.954   784   906 D wifi    : Initialized common fields 10000, 16, 100, 10
12-10 07:42:33.954   784   906 D wifi    : bucket[0] = 2:3:10000:2
12-10 07:42:33.961   784   796 D ActivityRecognitionProxy: AR HW instance not available, binding will be a no-op.
12-10 07:42:33.972   784   795 D WifiService: releaseWifiLockLocked: WifiLock{NlpWifiLock type=2 binder=android.os.BinderProxy@11c6fcc}
12-10 07:42:33.982 15849 15849 E dex2oat : Failed to create oat file: /data/dalvik-cache/arm/data@app@com.thinkman.tbsx5test-1@split_lib_slice_6_apk.apk@classes.dex: Permission denied
12-10 07:42:33.982 15849 15849 I dex2oat : dex2oat took 880.260us (threads: 4) 
12-10 07:42:33.985 15774 15774 W art     : Failed execv(/system/bin/dex2oat --runtime-arg -classpath --runtime-arg  --debuggable --instruction-set=arm --instruction-set-features=smp,div,atomic_ldrd_strd --runtime-arg -Xrelocate --boot-image=/system/framework/boot.art --runtime-arg -Xms64m --runtime-arg -Xmx512m --instruction-set-variant=krait --instruction-set-features=default --dex-file=/data/app/com.thinkman.tbsx5test-1/split_lib_slice_6_apk.apk --oat-file=/data/dalvik-cache/arm/data@app@com.thinkman.tbsx5test-1@split_lib_slice_6_apk.apk@classes.dex) because non-0 exit status
12-10 07:42:34.056 15852 15852 E dex2oat : Failed to create oat file: /data/dalvik-cache/arm/data@app@com.thinkman.tbsx5test-1@split_lib_slice_7_apk.apk@classes.dex: Permission denied
12-10 07:42:34.056 15852 15852 I dex2oat : dex2oat took 835.677us (threads: 4) 
12-10 07:42:34.060 15774 15774 W art     : Failed execv(/system/bin/dex2oat --runtime-arg -classpath --runtime-arg  --debuggable --instruction-set=arm --instruction-set-features=smp,div,atomic_ldrd_strd --runtime-arg -Xrelocate --boot-image=/system/framework/boot.art --runtime-arg -Xms64m --runtime-arg -Xmx512m --instruction-set-variant=krait --instruction-set-features=default --dex-file=/data/app/com.thinkman.tbsx5test-1/split_lib_slice_7_apk.apk --oat-file=/data/dalvik-cache/arm/data@app@com.thinkman.tbsx5test-1@split_lib_slice_7_apk.apk@classes.dex) because non-0 exit status
12-10 07:42:34.129 15854 15854 E dex2oat : Failed to create oat file: /data/dalvik-cache/arm/data@app@com.thinkman.tbsx5test-1@split_lib_slice_8_apk.apk@classes.dex: Permission denied
12-10 07:42:34.130 15854 15854 I dex2oat : dex2oat took 1.021ms (threads: 4) 
12-10 07:42:34.134 15774 15774 W art     : Failed execv(/system/bin/dex2oat --runtime-arg -classpath --runtime-arg  --debuggable --instruction-set=arm --instruction-set-features=smp,div,atomic_ldrd_strd --runtime-arg -Xrelocate --boot-image=/system/framework/boot.art --runtime-arg -Xms64m --runtime-arg -Xmx512m --instruction-set-variant=krait --instruction-set-features=default --dex-file=/data/app/com.thinkman.tbsx5test-1/split_lib_slice_8_apk.apk --oat-file=/data/dalvik-cache/arm/data@app@com.thinkman.tbsx5test-1@split_lib_slice_8_apk.apk@classes.dex) because non-0 exit status
12-10 07:42:34.232 15856 15856 E dex2oat : Failed to create oat file: /data/dalvik-cache/arm/data@app@com.thinkman.tbsx5test-1@split_lib_slice_9_apk.apk@classes.dex: Permission denied
12-10 07:42:34.232 15856 15856 I dex2oat : dex2oat took 861.718us (threads: 4) 
12-10 07:42:34.238 15774 15774 W art     : Failed execv(/system/bin/dex2oat --runtime-arg -classpath --runtime-arg  --debuggable --instruction-set=arm --instruction-set-features=smp,div,atomic_ldrd_strd --runtime-arg -Xrelocate --boot-image=/system/framework/boot.art --runtime-arg -Xms64m --runtime-arg -Xmx512m --instruction-set-variant=krait --instruction-set-features=default --dex-file=/data/app/com.thinkman.tbsx5test-1/split_lib_slice_9_apk.apk --oat-file=/data/dalvik-cache/arm/data@app@com.thinkman.tbsx5test-1@split_lib_slice_9_apk.apk@classes.dex) because non-0 exit status
12-10 07:42:34.242 15774 15774 W System  : ClassLoader referenced unknown path: /data/app/com.thinkman.tbsx5test-1/lib/arm
12-10 07:42:34.258 15774 15774 I InstantRun: starting instant run server: is main process
12-10 07:42:34.468 15774 15867 W System.err: java.lang.SecurityException: getDeviceId: Neither user 10092 nor current process has android.permission.READ_PHONE_STATE.
12-10 07:42:34.468 15774 15867 W System.err: 	at android.os.Parcel.readException(Parcel.java:1620)
12-10 07:42:34.468 15774 15867 W System.err: 	at android.os.Parcel.readException(Parcel.java:1573)
12-10 07:42:34.468 15774 15867 W System.err: 	at com.android.internal.telephony.ITelephony$Stub$Proxy.getDeviceId(ITelephony.java:4207)
12-10 07:42:34.468 15774 15867 W System.err: 	at android.telephony.TelephonyManager.getDeviceId(TelephonyManager.java:706)
12-10 07:42:34.469 15774 15867 W System.err: 	at com.tencent.smtt.utils.b.c(Unknown Source)
12-10 07:42:34.469 15774 15867 W System.err: 	at com.tencent.smtt.sdk.TbsLogReport.a(Unknown Source)
12-10 07:42:34.469 15774 15867 W System.err: 	at com.tencent.smtt.sdk.TbsLogReport.a(Unknown Source)
12-10 07:42:34.469 15774 15867 W System.err: 	at com.tencent.smtt.sdk.aw.handleMessage(Unknown Source)
12-10 07:42:34.469 15774 15867 W System.err: 	at android.os.Handler.dispatchMessage(Handler.java:102)
12-10 07:42:34.469 15774 15867 W System.err: 	at android.os.Looper.loop(Looper.java:148)
12-10 07:42:34.469 15774 15867 W System.err: 	at android.os.HandlerThread.run(HandlerThread.java:61)
12-10 07:42:34.682 15774 15774 W art     : Before Android 4.1, method android.graphics.PorterDuffColorFilter android.support.graphics.drawable.VectorDrawableCompat.updateTintFilter(android.graphics.PorterDuffColorFilter, android.content.res.ColorStateList, android.graphics.PorterDuff$Mode) would have incorrectly overridden the package-private method in android.graphics.drawable.Drawable
12-10 07:42:34.790 15774 15774 I art     : Rejecting re-init on previously-failed class java.lang.Class<android.support.v4.view.ViewCompat$OnUnhandledKeyEventListenerWrapper>
12-10 07:42:34.790 15774 15774 I art     : Rejecting re-init on previously-failed class java.lang.Class<android.support.v4.view.ViewCompat$OnUnhandledKeyEventListenerWrapper>
12-10 07:42:34.802  1805  1954 W System.err: java.net.ConnectException: failed to connect to www.google.com/31.13.73.17 (port 443) after 60000ms: isConnected failed: ECONNREFUSED (Connection refused)
12-10 07:42:34.803  1805  1954 W System.err: 	at libcore.io.IoBridge.isConnected(IoBridge.java:234)
12-10 07:42:34.803  1805  1954 W System.err: 	at libcore.io.IoBridge.connectErrno(IoBridge.java:171)
12-10 07:42:34.803  1805  1954 W System.err: 	at libcore.io.IoBridge.connect(IoBridge.java:122)
12-10 07:42:34.803  1805  1954 W System.err: 	at java.net.PlainSocketImpl.connect(PlainSocketImpl.java:183)
12-10 07:42:34.803  1805  1954 W System.err: 	at java.net.PlainSocketImpl.connect(PlainSocketImpl.java:452)
12-10 07:42:34.803  1805  1954 W System.err: 	at java.net.Socket.connect(Socket.java:884)
12-10 07:42:34.803  1805  1954 W System.err: 	at com.android.okhttp.internal.Platform.connectSocket(Platform.java:117)
12-10 07:42:34.803  1805  1954 W System.err: 	at com.android.okhttp.internal.http.SocketConnector.connectRawSocket(SocketConnector.java:160)
12-10 07:42:34.803  1805  1954 W System.err: 	at com.android.okhttp.internal.http.SocketConnector.connectTls(SocketConnector.java:79)
12-10 07:42:34.803  1805  1954 W System.err: 	at com.android.okhttp.Connection.connect(Connection.java:143)
12-10 07:42:34.803  1805  1954 W System.err: 	at com.android.okhttp.Connection.connectAndSetOwner(Connection.java:185)
12-10 07:42:34.803  1805  1954 W System.err: 	at com.android.okhttp.OkHttpClient$1.connectAndSetOwner(OkHttpClient.java:128)
12-10 07:42:34.803  1805  1954 W System.err: 	at com.android.okhttp.internal.http.HttpEngine.nextConnection(HttpEngine.java:341)
12-10 07:42:34.803  1805  1954 W System.err: 	at com.android.okhttp.internal.http.HttpEngine.connect(HttpEngine.java:330)
12-10 07:42:34.803  1805  1954 W System.err: 	at com.android.okhttp.internal.http.HttpEngine.sendRequest(HttpEngine.java:248)
12-10 07:42:34.804  1805  1954 W System.err: 	at com.android.okhttp.internal.huc.HttpURLConnectionImpl.execute(HttpURLConnectionImpl.java:437)
12-10 07:42:34.804  1805  1954 W System.err: 	at com.android.okhttp.internal.huc.HttpURLConnectionImpl.connect(HttpURLConnectionImpl.java:114)
12-10 07:42:34.804  1805  1954 W System.err: 	at com.android.okhttp.internal.huc.HttpURLConnectionImpl.getOutputStream(HttpURLConnectionImpl.java:245)
12-10 07:42:34.804  1805  1954 W System.err: 	at com.android.okhttp.internal.huc.DelegatingHttpsURLConnection.getOutputStream(DelegatingHttpsURLConnection.java:218)
12-10 07:42:34.804  1805  1954 W System.err: 	at com.android.okhttp.internal.huc.HttpsURLConnectionImpl.getOutputStream(HttpsURLConnectionImpl.java)
12-10 07:42:34.804  1805  1954 W System.err: 	at com.google.android.gms.http.GoogleHttpClient.a(SourceFile:933)
12-10 07:42:34.804  1805  1954 W System.err: 	at com.google.android.gms.http.GoogleHttpClient.a(SourceFile:775)
12-10 07:42:34.804  1805  1954 W System.err: 	at com.google.android.gms.http.GoogleHttpClient.execute(SourceFile:676)
12-10 07:42:34.804  1805  1954 W System.err: 	at com.google.android.gms.http.GoogleHttpClient.execute(SourceFile:660)
12-10 07:42:34.804  1805  1954 W System.err: 	at com.google.r.a.b.a.b.g(SourceFile:126)
12-10 07:42:34.804  1805  1954 W System.err: 	at com.google.r.a.b.a.b.c(SourceFile:172)
12-10 07:42:34.804  1805  1954 W System.err: 	at com.google.y.a.d.run(SourceFile:434)
12-10 07:42:34.804  1805  1954 W System.err: 	at com.google.y.a.c.c(SourceFile:230)
12-10 07:42:34.804  1805  1954 W System.err: 	at com.google.y.a.c.run(SourceFile:204)
12-10 07:42:34.804  1805  1954 W System.err: 	at com.google.r.a.c.b.run(SourceFile:96)
12-10 07:42:34.804  1805  1954 W System.err: Caused by: android.system.ErrnoException: isConnected failed: ECONNREFUSED (Connection refused)
12-10 07:42:34.805  1805  1954 W System.err: 	at libcore.io.IoBridge.isConnected(IoBridge.java:223)
12-10 07:42:34.805  1805  1954 W System.err: 	... 29 more
12-10 07:42:35.025 15774 15774 I WebViewFactory: Loading com.google.android.webview version 44.0.2403.117 (code 246011700)
12-10 07:42:35.064 15774 15774 W System  : ClassLoader referenced unknown path: /system/app/WebViewGoogle/lib/arm
12-10 07:42:35.075 15774 15774 I LibraryLoader: Time to load native libraries: 5 ms (timestamps 2761-2766)
12-10 07:42:35.075 15774 15774 I LibraryLoader: Expected native library version number "",actual native library version number ""
12-10 07:42:35.094 15774 15774 V WebViewChromiumFactoryProvider: Binding Chromium to main looper Looper (main, tid 1) {9431658}
12-10 07:42:35.095 15774 15774 I LibraryLoader: Expected native library version number "",actual native library version number ""
12-10 07:42:35.095 15774 15774 I chromium: [INFO:library_loader_hooks.cc(120)] Chromium logging enabled: level = 0, default verbosity = 0
12-10 07:42:35.104 15774 15774 I BrowserStartupController: Initializing chromium process, singleProcess=true
12-10 07:42:35.105 15774 15774 W art     : Attempt to remove non-JNI local reference, dumping thread
12-10 07:42:35.106 15774 15774 E SysUtils: ApplicationContext is null in ApplicationStatus
12-10 07:42:35.127 15774 15774 W chromium: [WARNING:resource_bundle.cc(285)] locale_file_path.empty()
12-10 07:42:35.136 15774 15774 E libEGL  : validate_display:255 error 3008 (EGL_BAD_DISPLAY)
12-10 07:42:35.136 15774 15774 E libEGL  : validate_display:255 error 3008 (EGL_BAD_DISPLAY)
12-10 07:42:35.137 15774 15774 I Adreno-EGL: <qeglDrvAPI_eglInitialize:379>: QUALCOMM Build: 10/21/15, 369a2ea, I96aee987eb
12-10 07:42:35.207 15774 15894 W AudioManagerAndroid: Requires BLUETOOTH permission
12-10 07:42:35.228  1575  1575 W Binder_5: type=1400 audit(0.0:8128): avc: denied { ioctl } for path="socket:[498914]" dev="sockfs" ino=498914 ioctlcmd=7704 scontext=u:r:surfaceflinger:s0 tcontext=u:r:surfaceflinger:s0 tclass=unix_stream_socket permissive=0
12-10 07:42:35.228  1575  1575 W Binder_5: type=1400 audit(0.0:8129): avc: denied { ioctl } for path="socket:[498914]" dev="sockfs" ino=498914 ioctlcmd=7704 scontext=u:r:surfaceflinger:s0 tcontext=u:r:surfaceflinger:s0 tclass=unix_stream_socket permissive=0
12-10 07:42:35.251 15774 15774 W art     : Attempt to remove non-JNI local reference, dumping thread
12-10 07:42:35.261 15774 15774 W AwContents: onDetachedFromWindow called when already detached. Ignoring
12-10 07:42:35.292 15774 15774 D THINKMAN: [2018-12-10 07:42:35] MainActivity.onCreate():32    Hello World
12-10 07:42:35.378   531   531 W Binder_4: type=1400 audit(0.0:8130): avc: denied { ioctl } for path="socket:[498924]" dev="sockfs" ino=498924 ioctlcmd=7704 scontext=u:r:surfaceflinger:s0 tcontext=u:r:surfaceflinger:s0 tclass=unix_stream_socket permissive=0
12-10 07:42:35.387 15774 15905 D OpenGLRenderer: Use EGL_SWAP_BEHAVIOR_PRESERVED: true
12-10 07:42:35.378   531   531 W Binder_4: type=1400 audit(0.0:8131): avc: denied { ioctl } for path="socket:[498924]" dev="sockfs" ino=498924 ioctlcmd=7704 scontext=u:r:surfaceflinger:s0 tcontext=u:r:surfaceflinger:s0 tclass=unix_stream_socket permissive=0
12-10 07:42:35.418  1541  1541 W Binder_7: type=1400 audit(0.0:8132): avc: denied { ioctl } for path="socket:[499939]" dev="sockfs" ino=499939 ioctlcmd=7704 scontext=u:r:system_server:s0 tcontext=u:r:system_server:s0 tclass=unix_stream_socket permissive=0
12-10 07:42:35.418  1541  1541 W Binder_7: type=1400 audit(0.0:8133): avc: denied { ioctl } for path="socket:[499939]" dev="sockfs" ino=499939 ioctlcmd=7704 scontext=u:r:system_server:s0 tcontext=u:r:system_server:s0 tclass=unix_stream_socket permissive=0
12-10 07:42:35.423 15774 15892 W chromium: [WARNING:data_reduction_proxy_config.cc(423)] SPDY proxy OFF at startup
12-10 07:42:35.492 15774 15905 I OpenGLRenderer: Initialized EGL, version 1.4
12-10 07:42:35.607 15774 15774 W art     : Before Android 4.1, method int android.support.v7.widget.DropDownListView.lookForSelectablePosition(int, boolean) would have incorrectly overridden the package-private method in android.widget.ListView
12-10 07:42:35.648  1663  1663 W Binder_8: type=1400 audit(0.0:8134): avc: denied { ioctl } for path="socket:[498932]" dev="sockfs" ino=498932 ioctlcmd=7704 scontext=u:r:system_server:s0 tcontext=u:r:system_server:s0 tclass=unix_stream_socket permissive=0
12-10 07:42:35.648  1663  1663 W Binder_8: type=1400 audit(0.0:8135): avc: denied { ioctl } for path="socket:[498932]" dev="sockfs" ino=498932 ioctlcmd=7704 scontext=u:r:system_server:s0 tcontext=u:r:system_server:s0 tclass=unix_stream_socket permissive=0
12-10 07:42:35.658  1716  1716 W Binder_A: type=1400 audit(0.0:8136): avc: denied { ioctl } for path="socket:[498931]" dev="sockfs" ino=498931 ioctlcmd=7704 scontext=u:r:system_server:s0 tcontext=u:r:system_server:s0 tclass=unix_stream_socket permissive=0
12-10 07:42:35.658  1716  1716 W Binder_A: type=1400 audit(0.0:8137): avc: denied { ioctl } for path="socket:[498931]" dev="sockfs" ino=498931 ioctlcmd=7704 scontext=u:r:system_server:s0 tcontext=u:r:system_server:s0 tclass=unix_stream_socket permissive=0
12-10 07:42:35.652   784   803 I ActivityManager: Displayed com.thinkman.tbsx5test/.MainActivity: +2s756ms
12-10 07:42:35.675  1439  1439 I Keyboard.Facilitator: onFinishInput()
12-10 07:42:36.001 15774 15774 W BindingManager: Cannot call determinedVisibility() - never saw a connection for the pid: 15774
12-10 07:42:36.060 15774 15774 I chromium: [INFO:CONSOLE(0)] "Mixed Content: The page at 'https://se.nuomi.com/phasterse/middle/smindex?version=2.0.0&format=1&eid=100850&query=%E5%AE%B6%E8%A3%85&nmtradeid=2369&from=cps&us=cpstpsj413&nmcid=cpstpsj413&cid=cpstpsj413&prod=nmwbdl&ip=222.95.250.239&gps=&nmcityid=700010000&nuomisid=1007&fegps=118.8000587%2C31.948233300000002' was loaded over HTTPS, but requested an insecure image 'http://hiphotos.bdimg.com/bainuo/wh%3D690%2C460%3Bq%3D90%3Bc%3Dnuomi%2C95%2C95/sign=5d906bdb39fae6cd0ce1a36736832310/b58f8c5494eef01ff0929229ecfe9925bd317d5c.jpg'. This request has been blocked; the content must be served over HTTPS.", source: https://se.nuomi.com/phasterse/middle/smindex?version=2.0.0&format=1&eid=100850&query=%E5%AE%B6%E8%A3%85&nmtradeid=2369&from=cps&us=cpstpsj413&nmcid=cpstpsj413&cid=cpstpsj413&prod=nmwbdl&ip=222.95.250.239&gps=&nmcityid=700010000&nuomisid=1007&fegps=118.8000587%2C31.948233300000002 (0)
12-10 07:42:36.061 15774 15774 I chromium: [INFO:CONSOLE(0)] "Mixed Content: The page at 'https://se.nuomi.com/phasterse/middle/smindex?version=2.0.0&format=1&eid=100850&query=%E5%AE%B6%E8%A3%85&nmtradeid=2369&from=cps&us=cpstpsj413&nmcid=cpstpsj413&cid=cpstpsj413&prod=nmwbdl&ip=222.95.250.239&gps=&nmcityid=700010000&nuomisid=1007&fegps=118.8000587%2C31.948233300000002' was loaded over HTTPS, but requested an insecure image 'http://hiphotos.bdimg.com/bainuo/wh%3D690%2C460%3Bq%3D90%3Bc%3Dnuomi%2C95%2C95/sign=035e76cb733e6709be554df902f7b309/a044ad345982b2b7747ab3283dadcbef77099b71.jpg'. This request has been blocked; the content must be served over HTTPS.", source: https://se.nuomi.com/phasterse/middle/smindex?version=2.0.0&format=1&eid=100850&query=%E5%AE%B6%E8%A3%85&nmtradeid=2369&from=cps&us=cpstpsj413&nmcid=cpstpsj413&cid=cpstpsj413&prod=nmwbdl&ip=222.95.250.239&gps=&nmcityid=700010000&nuomisid=1007&fegps=118.8000587%2C31.948233300000002 (0)
12-10 07:42:36.062 15774 15774 I chromium: [INFO:CONSOLE(0)] "Mixed Content: The page at 'https://se.nuomi.com/phasterse/middle/smindex?version=2.0.0&format=1&eid=100850&query=%E5%AE%B6%E8%A3%85&nmtradeid=2369&from=cps&us=cpstpsj413&nmcid=cpstpsj413&cid=cpstpsj413&prod=nmwbdl&ip=222.95.250.239&gps=&nmcityid=700010000&nuomisid=1007&fegps=118.8000587%2C31.948233300000002' was loaded over HTTPS, but requested an insecure image 'http://e.hiphotos.baidu.com/nuomi/pic/item/d8f9d72a6059252d84efd2b1339b033b5ab5b98f.jpg'. This request has been blocked; the content must be served over HTTPS.", source: https://se.nuomi.com/phasterse/middle/smindex?version=2.0.0&format=1&eid=100850&query=%E5%AE%B6%E8%A3%85&nmtradeid=2369&from=cps&us=cpstpsj413&nmcid=cpstpsj413&cid=cpstpsj413&prod=nmwbdl&ip=222.95.250.239&gps=&nmcityid=700010000&nuomisid=1007&fegps=118.8000587%2C31.948233300000002 (0)
12-10 07:42:36.062 15774 15774 I chromium: [INFO:CONSOLE(0)] "Mixed Content: The page at 'https://se.nuomi.com/phasterse/middle/smindex?version=2.0.0&format=1&eid=100850&query=%E5%AE%B6%E8%A3%85&nmtradeid=2369&from=cps&us=cpstpsj413&nmcid=cpstpsj413&cid=cpstpsj413&prod=nmwbdl&ip=222.95.250.239&gps=&nmcityid=700010000&nuomisid=1007&fegps=118.8000587%2C31.948233300000002' was loaded over HTTPS, but requested an insecure image 'http://e.hiphotos.baidu.com/bainuo/crop%3D0%2C0%2C650%2C490%3Bw%3D640%3Bq%3D84/sign=b065bcd14ea7d933abe7be33907bfd23/00e93901213fb80ec43ae7123ad12f2eb8389408.jpg'. This request has been blocked; the content must be served over HTTPS.", source: https://se.nuomi.com/phasterse/middle/smindex?version=2.0.0&format=1&eid=100850&query=%E5%AE%B6%E8%A3%85&nmtradeid=2369&from=cps&us=cpstpsj413&nmcid=cpstpsj413&cid=cpstpsj413&prod=nmwbdl&ip=222.95.250.239&gps=&nmcityid=700010000&nuomisid=1007&fegps=118.8000587%2C31.948233300000002 (0)
12-10 07:42:36.063 15774 15774 I chromium: [INFO:CONSOLE(0)] "Mixed Content: The page at 'https://se.nuomi.com/phasterse/middle/smindex?version=2.0.0&format=1&eid=100850&query=%E5%AE%B6%E8%A3%85&nmtradeid=2369&from=cps&us=cpstpsj413&nmcid=cpstpsj413&cid=cpstpsj413&prod=nmwbdl&ip=222.95.250.239&gps=&nmcityid=700010000&nuomisid=1007&fegps=118.8000587%2C31.948233300000002' was loaded over HTTPS, but requested an insecure image 'http://e.hiphotos.baidu.com/bainuo/crop%3D0%2C0%2C712%2C960%3Bw%3D640%3Bq%3D89/sign=fd5dd3cabbfd5266b36466549628bb1b/d1a20cf431adcbef0a9fa127a1af2edda3cc9f6c.jpg'. This request has been blocked; the content must be served over HTTPS.", source: https://se.nuomi.com/phasterse/middle/smindex?version=2.0.0&format=1&eid=100850&query=%E5%AE%B6%E8%A3%85&nmtradeid=2369&from=cps&us=cpstpsj413&nmcid=cpstpsj413&cid=cpstpsj413&prod=nmwbdl&ip=222.95.250.239&gps=&nmcityid=700010000&nuomisid=1007&fegps=118.8000587%2C31.948233300000002 (0)
12-10 07:42:36.063 15774 15774 I chromium: [INFO:CONSOLE(0)] "Mixed Content: The page at 'https://se.nuomi.com/phasterse/middle/smindex?version=2.0.0&format=1&eid=100850&query=%E5%AE%B6%E8%A3%85&nmtradeid=2369&from=cps&us=cpstpsj413&nmcid=cpstpsj413&cid=cpstpsj413&prod=nmwbdl&ip=222.95.250.239&gps=&nmcityid=700010000&nuomisid=1007&fegps=118.8000587%2C31.948233300000002' was loaded over HTTPS, but requested an insecure image 'http://c.hiphotos.baidu.com/fengchao_lbp/pic/item/bf096b63f6246b608e983df0e7f81a4c500fa2a4.jpg'. This request has been blocked; the content must be served over HTTPS.", source: https://se.nuomi.com/phasterse/middle/smindex?version=2.0.0&format=1&eid=100850&query=%E5%AE%B6%E8%A3%85&nmtradeid=2369&from=cps&us=cpstpsj413&nmcid=cpstpsj413&cid=cpstpsj413&prod=nmwbdl&ip=222.95.250.239&gps=&nmcityid=700010000&nuomisid=1007&fegps=118.8000587%2C31.948233300000002 (0)
12-10 07:42:36.064 15774 15774 I chromium: [INFO:CONSOLE(0)] "Mixed Content: The page at 'https://se.nuomi.com/phasterse/middle/smindex?version=2.0.0&format=1&eid=100850&query=%E5%AE%B6%E8%A3%85&nmtradeid=2369&from=cps&us=cpstpsj413&nmcid=cpstpsj413&cid=cpstpsj413&prod=nmwbdl&ip=222.95.250.239&gps=&nmcityid=700010000&nuomisid=1007&fegps=118.8000587%2C31.948233300000002' was loaded over HTTPS, but requested an insecure image 'http://e.hiphotos.baidu.com/bainuo/crop%3D0%2C46%2C640%2C388%3Bw%3D230%3Bq%3D80/sign=fbffeea68282b90129e299734ebd8543/a8ec8a13632762d0c300613ea8ec08fa513dc671.jpg'. This request has been blocked; the content must be served over HTTPS.", source: https://se.nuomi.com/phasterse/middle/smindex?version=2.0.0&format=1&eid=100850&query=%E5%AE%B6%E8%A3%85&nmtradeid=2369&from=cps&us=cpstpsj413&nmcid=cpstpsj413&cid=cpstpsj413&prod=nmwbdl&ip=222.95.250.239&gps=&nmcityid=700010000&nuomisid=1007&fegps=118.8000587%2C31.948233300000002 (0)
12-10 07:42:36.065 15774 15774 I chromium: [INFO:CONSOLE(0)] "Mixed Content: The page at 'https://se.nuomi.com/phasterse/middle/smindex?version=2.0.0&format=1&eid=100850&query=%E5%AE%B6%E8%A3%85&nmtradeid=2369&from=cps&us=cpstpsj413&nmcid=cpstpsj413&cid=cpstpsj413&prod=nmwbdl&ip=222.95.250.239&gps=&nmcityid=700010000&nuomisid=1007&fegps=118.8000587%2C31.948233300000002' was loaded over HTTPS, but requested an insecure image 'http://e.hiphotos.baidu.com/bainuo/crop%3D0%2C6%2C475%2C288%3Bw%3D230%3Bq%3D99/sign=8dd2ce7a04d79123f4afce34900475b4/f636afc379310a55f44b4086bf4543a982261050.jpg'. This request has been blocked; the content must be served over HTTPS.", source: https://se.nuomi.com/phasterse/middle/smindex?version=2.0.0&format=1&eid=100850&query=%E5%AE%B6%E8%A3%85&nmtradeid=2369&from=cps&us=cpstpsj413&nmcid=cpstpsj413&cid=cpstpsj413&prod=nmwbdl&ip=222.95.250.239&gps=&nmcityid=700010000&nuomisid=1007&fegps=118.8000587%2C31.948233300000002 (0)
12-10 07:42:36.066 15774 15774 I chromium: [INFO:CONSOLE(0)] "Mixed Content: The page at 'https://se.nuomi.com/phasterse/middle/smindex?version=2.0.0&format=1&eid=100850&query=%E5%AE%B6%E8%A3%85&nmtradeid=2369&from=cps&us=cpstpsj413&nmcid=cpstpsj413&cid=cpstpsj413&prod=nmwbdl&ip=222.95.250.239&gps=&nmcityid=700010000&nuomisid=1007&fegps=118.8000587%2C31.948233300000002' was loaded over HTTPS, but requested an insecure image 'http://e.hiphotos.baidu.com/bainuo/crop%3D4%2C0%2C692%2C420%3Bw%3D230%3Bq%3D99/sign=9c61d5471fce36d3b64bd97007c716b7/c995d143ad4bd113b4249eaf50afa40f4afb0545.jpg'. This request has been blocked; the content must be served over HTTPS.", source: https://se.nuomi.com/phasterse/middle/smindex?version=2.0.0&format=1&eid=100850&query=%E5%AE%B6%E8%A3%85&nmtradeid=2369&from=cps&us=cpstpsj413&nmcid=cpstpsj413&cid=cpstpsj413&prod=nmwbdl&ip=222.95.250.239&gps=&nmcityid=700010000&nuomisid=1007&fegps=118.8000587%2C31.948233300000002 (0)
12-10 07:42:36.067 15774 15774 I chromium: [INFO:CONSOLE(0)] "Mixed Content: The page at 'https://se.nuomi.com/phasterse/middle/smindex?version=2.0.0&format=1&eid=100850&query=%E5%AE%B6%E8%A3%85&nmtradeid=2369&from=cps&us=cpstpsj413&nmcid=cpstpsj413&cid=cpstpsj413&prod=nmwbdl&ip=222.95.250.239&gps=&nmcityid=700010000&nuomisid=1007&fegps=118.8000587%2C31.948233300000002' was loaded over HTTPS, but requested an insecure image 'http://e.hiphotos.baidu.com/bainuo/crop%3D6%2C17%2C895%2C543%3Bw%3D230%3Bq%3D79/sign=a38733fde7fe9925df433310099e72ee/c8177f3e6709c93de96125cf983df8dcd1005472.jpg'. This request has been blocked; the content must be served over HTTPS.", source: https://se.nuomi.com/phasterse/middle/smindex?version=2.0.0&format=1&eid=100850&query=%E5%AE%B6%E8%A3%85&nmtradeid=2369&from=cps&us=cpstpsj413&nmcid=cpstpsj413&cid=cpstpsj413&prod=nmwbdl&ip=222.95.250.239&gps=&nmcityid=700010000&nuomisid=1007&fegps=118.8000587%2C31.948233300000002 (0)
12-10 07:42:36.067 15774 15774 I chromium: [INFO:CONSOLE(0)] "Mixed Content: The page at 'https://se.nuomi.com/phasterse/middle/smindex?version=2.0.0&format=1&eid=100850&query=%E5%AE%B6%E8%A3%85&nmtradeid=2369&from=cps&us=cpstpsj413&nmcid=cpstpsj413&cid=cpstpsj413&prod=nmwbdl&ip=222.95.250.239&gps=&nmcityid=700010000&nuomisid=1007&fegps=118.8000587%2C31.948233300000002' was loaded over HTTPS, but requested an insecure image 'http://e.hiphotos.baidu.com/bainuo/crop%3D0%2C46%2C640%2C388%3Bw%3D230%3Bq%3D80/sign=fbffeea68282b90129e299734ebd8543/a8ec8a13632762d0c300613ea8ec08fa513dc671.jpg'. This request has been blocked; the content must be served over HTTPS.", source: https://se.nuomi.com/phasterse/middle/smindex?version=2.0.0&format=1&eid=100850&query=%E5%AE%B6%E8%A3%85&nmtradeid=2369&from=cps&us=cpstpsj413&nmcid=cpstpsj413&cid=cpstpsj413&prod=nmwbdl&ip=222.95.250.239&gps=&nmcityid=700010000&nuomisid=1007&fegps=118.8000587%2C31.948233300000002 (0)
12-10 07:42:36.068 15774 15774 I chromium: [INFO:CONSOLE(0)] "Mixed Content: The page at 'https://se.nuomi.com/phasterse/middle/smindex?version=2.0.0&format=1&eid=100850&query=%E5%AE%B6%E8%A3%85&nmtradeid=2369&from=cps&us=cpstpsj413&nmcid=cpstpsj413&cid=cpstpsj413&prod=nmwbdl&ip=222.95.250.239&gps=&nmcityid=700010000&nuomisid=1007&fegps=118.8000587%2C31.948233300000002' was loaded over HTTPS, but requested an insecure image 'http://e.hiphotos.baidu.com/bainuo/crop%3D0%2C0%2C470%2C285%3Bw%3D230%3Bq%3D80/sign=711e2e445443fbf2d163fc638d4ee6b0/78310a55b319ebc400077dd58526cffc1e17167a.jpg'. This request has been blocked; the content must be served over HTTPS.", source: https://se.nuomi.com/phasterse/middle/smindex?version=2.0.0&format=1&eid=100850&query=%E5%AE%B6%E8%A3%85&nmtradeid=2369&from=cps&us=cpstpsj413&nmcid=cpstpsj413&cid=cpstpsj413&prod=nmwbdl&ip=222.95.250.239&gps=&nmcityid=700010000&nuomisid=1007&fegps=118.8000587%2C31.948233300000002 (0)
12-10 07:42:36.530 15774 15774 I chromium: [INFO:CONSOLE(737)] "Uncaught TypeError: Object.assign is not a function", source: https://se.nuomi.com/phasterse/middle/smindex?version=2.0.0&format=1&eid=100850&query=%E5%AE%B6%E8%A3%85&nmtradeid=2369&from=cps&us=cpstpsj413&nmcid=cpstpsj413&cid=cpstpsj413&prod=nmwbdl&ip=222.95.250.239&gps=&nmcityid=700010000&nuomisid=1007&fegps=118.8000587%2C31.948233300000002 (737)
12-10 07:42:36.873 15774 15774 I chromium: [INFO:CONSOLE(17)] "Uncaught TypeError: Cannot read property 'logid' of undefined", source: https://se.nuomi.com/phasterse/static/js/base_98299e6.js (17)
12-10 07:42:37.000 15774 15867 W System.err: java.lang.SecurityException: getDeviceId: Neither user 10092 nor current process has android.permission.READ_PHONE_STATE.
12-10 07:42:37.000 15774 15867 W System.err: 	at android.os.Parcel.readException(Parcel.java:1620)
12-10 07:42:37.000 15774 15867 W System.err: 	at android.os.Parcel.readException(Parcel.java:1573)
12-10 07:42:37.000 15774 15867 W System.err: 	at com.android.internal.telephony.ITelephony$Stub$Proxy.getDeviceId(ITelephony.java:4207)
12-10 07:42:37.000 15774 15867 W System.err: 	at android.telephony.TelephonyManager.getDeviceId(TelephonyManager.java:706)
12-10 07:42:37.000 15774 15867 W System.err: 	at com.tencent.smtt.utils.b.c(Unknown Source)
12-10 07:42:37.000 15774 15867 W System.err: 	at com.tencent.smtt.sdk.TbsLogReport.a(Unknown Source)
12-10 07:42:37.000 15774 15867 W System.err: 	at com.tencent.smtt.sdk.TbsLogReport.a(Unknown Source)
12-10 07:42:37.000 15774 15867 W System.err: 	at com.tencent.smtt.sdk.aw.handleMessage(Unknown Source)
12-10 07:42:37.000 15774 15867 W System.err: 	at android.os.Handler.dispatchMessage(Handler.java:102)
12-10 07:42:37.000 15774 15867 W System.err: 	at android.os.Looper.loop(Looper.java:148)
12-10 07:42:37.000 15774 15867 W System.err: 	at android.os.HandlerThread.run(HandlerThread.java:61)
12-10 07:42:43.040 15129 15959 W CronetSyncConnectionRcs: Upload content type not set.
12-10 07:42:43.077 15129 16004 W CronetSyncWaitableLstnr: Unknown exception from Cronet.
12-10 07:42:43.077 15129 16004 W CronetSyncWaitableLstnr: java.io.IOException: System error: net::ERR_CONNECTION_REFUSED(-102)
12-10 07:42:43.077 15129 16004 W CronetSyncWaitableLstnr: 	at org.chromium.net.ChromiumUrlRequest.getException(ChromiumUrlRequest.java:185)
12-10 07:42:43.077 15129 16004 W CronetSyncWaitableLstnr: 	at com.google.android.apps.gsa.search.core.j.a.c.f.d(CronetSyncWaitableListener.java:126)
12-10 07:42:43.077 15129 16004 W CronetSyncWaitableLstnr: 	at com.google.android.apps.gsa.search.core.j.a.c.f.c(CronetSyncWaitableListener.java:101)
12-10 07:42:43.077 15129 16004 W CronetSyncWaitableLstnr: 	at com.google.android.apps.gsa.search.core.j.a.c.f.b(CronetSyncWaitableListener.java:84)
12-10 07:42:43.077 15129 16004 W CronetSyncWaitableLstnr: 	at org.chromium.net.ChromiumUrlRequest.finish(ChromiumUrlRequest.java:4501)
12-10 07:42:43.125 15129 16004 W CronetSyncWaitableLstnr: Unknown exception from Cronet.
12-10 07:42:43.125 15129 16004 W CronetSyncWaitableLstnr: java.io.IOException: System error: net::ERR_CONNECTION_REFUSED(-102)
12-10 07:42:43.125 15129 16004 W CronetSyncWaitableLstnr: 	at org.chromium.net.ChromiumUrlRequest.getException(ChromiumUrlRequest.java:185)
12-10 07:42:43.125 15129 16004 W CronetSyncWaitableLstnr: 	at com.google.android.apps.gsa.search.core.j.a.c.f.d(CronetSyncWaitableListener.java:126)
12-10 07:42:43.125 15129 16004 W CronetSyncWaitableLstnr: 	at com.google.android.apps.gsa.search.core.j.a.c.f.b(CronetSyncWaitableListener.java:91)
12-10 07:42:43.125 15129 16004 W CronetSyncWaitableLstnr: 	at org.chromium.net.ChromiumUrlRequest.finish(ChromiumUrlRequest.java:4501)
12-10 07:42:43.127 15129 15959 W EventLoggerService: Unable to send logs
12-10 07:42:43.127 15129 15959 W EventLoggerService: com.google.android.apps.gsa.shared.exception.GsaIOException: Error code: 65580 | Error code: 655369
12-10 07:42:43.127 15129 15959 W EventLoggerService: 	at com.google.android.apps.gsa.speech.i.b.a(S3LogSender.java:146)
12-10 07:42:43.127 15129 15959 W EventLoggerService: 	at com.google.android.apps.gsa.speech.i.b.br(S3LogSender.java:79)
12-10 07:42:43.127 15129 15959 W EventLoggerService: 	at com.google.android.apps.gsa.eventlogger.EventLoggerService.a(EventLoggerService.java:575)
12-10 07:42:43.127 15129 15959 W EventLoggerService: 	at com.google.android.apps.gsa.eventlogger.EventLoggerService.i(EventLoggerService.java:320)
12-10 07:42:43.127 15129 15959 W EventLoggerService: 	at com.google.android.apps.gsa.eventlogger.EventLoggerService.gB(EventLoggerService.java:245)
12-10 07:42:43.127 15129 15959 W EventLoggerService: 	at com.google.android.apps.gsa.eventlogger.EventLoggerService.onHandleIntent(EventLoggerService.java:236)
12-10 07:42:43.127 15129 15959 W EventLoggerService: 	at android.app.IntentService$ServiceHandler.handleMessage(IntentService.java:66)
12-10 07:42:43.127 15129 15959 W EventLoggerService: 	at android.os.Handler.dispatchMessage(Handler.java:102)
12-10 07:42:43.127 15129 15959 W EventLoggerService: 	at android.os.Looper.loop(Looper.java:148)
12-10 07:42:43.127 15129 15959 W EventLoggerService: 	at android.os.HandlerThread.run(HandlerThread.java:61)
12-10 07:42:43.127 15129 15959 W EventLoggerService: Caused by: com.google.android.apps.gsa.shared.exception.GsaIOException: Error code: 655369
12-10 07:42:43.127 15129 15959 W EventLoggerService: 	at com.google.android.apps.gsa.search.core.j.n.a(HttpLogEntry.java:84)
12-10 07:42:43.127 15129 15959 W EventLoggerService: 	at com.google.android.apps.gsa.search.core.j.a.c.e.a(CronetSyncResponseInfo.java:51)
12-10 07:42:43.127 15129 15959 W EventLoggerService: 	at com.google.android.apps.gsa.search.core.j.a.c.c.a(CronetSyncHttpEngine.java:178)
12-10 07:42:43.127 15129 15959 W EventLoggerService: 	at com.google.android.apps.gsa.search.core.j.a.c.c.a(CronetSyncHttpEngine.java:39)
12-10 07:42:43.127 15129 15959 W EventLoggerService: 	at com.google.android.apps.gsa.search.core.j.m.aac(HttpConnectionImpl.java:165)
12-10 07:42:43.127 15129 15959 W EventLoggerService: 	at com.google.android.apps.gsa.search.core.j.m.a(HttpConnectionImpl.java:158)
12-10 07:42:43.127 15129 15959 W EventLoggerService: 	at com.google.android.apps.gsa.j.a.a.b(S3RequestStream.java:66)
12-10 07:42:43.127 15129 15959 W EventLoggerService: 	at com.google.android.apps.gsa.j.a.a.a(S3RequestStream.java:52)
12-10 07:42:43.127 15129 15959 W EventLoggerService: 	at com.google.android.apps.gsa.speech.i.b.a(S3LogSender.java:144)
12-10 07:42:43.127 15129 15959 W EventLoggerService: 	... 9 more
12-10 07:42:43.127 15129 15959 W ErrorReporter: reportError [type: 211, code: 65580]: Error code: 65580 | Error code: 655369
12-10 07:42:43.178 15473 15509 D Finsky  : [1400] AppStatesReplicator.handleContentSyncResponse: Completed 0 account content syncs with 0 successful.
12-10 07:42:43.180 15473 15473 D Finsky  : [1] ContentSyncService$5.onFinished: Installation state replication succeeded.
12-10 07:42:54.709   784 11731 D NetlinkSocketObserver: NeighborEvent{elapsedMs=357967421, 192.168.50.1, [704D7B514A20], RTM_NEWNEIGH, NUD_STALE}
12-10 07:43:12.049   784 11731 D NetlinkSocketObserver: NeighborEvent{elapsedMs=357984761, 192.168.50.1, [704D7B514A20], RTM_NEWNEIGH, NUD_PROBE}
12-10 07:43:30.869   784 11731 D NetlinkSocketObserver: NeighborEvent{elapsedMs=358003581, 192.168.50.1, [704D7B514A20], RTM_NEWNEIGH, NUD_STALE}
12-10 07:43:35.714  1439  4271 I Keyboard.Facilitator.LanguageModelFlusher: run()
12-10 07:43:35.714  1439  4271 I Keyboard.Facilitator: flushDynamicLanguageModels()
12-10 07:43:35.745  1109  1109 I ConfigService: onCreate
12-10 07:43:35.899   784 11731 D NetlinkSocketObserver: NeighborEvent{elapsedMs=358008612, 192.168.50.1, [704D7B514A20], RTM_NEWNEIGH, NUD_PROBE}
12-10 07:43:40.794  1109  1109 I ConfigService: onDestroy
12-10 07:43:54.710   784 11731 D NetlinkSocketObserver: NeighborEvent{elapsedMs=358027422, 192.168.50.1, [704D7B514A20], RTM_NEWNEIGH, NUD_STALE}
12-10 07:44:18.199   784 11731 D NetlinkSocketObserver: NeighborEvent{elapsedMs=358050911, 192.168.50.1, [704D7B514A20], RTM_NEWNEIGH, NUD_PROBE}
12-10 07:44:37.029   784 11731 D NetlinkSocketObserver: NeighborEvent{elapsedMs=358069741, 192.168.50.1, [704D7B514A20], RTM_NEWNEIGH, NUD_STALE}
12-10 07:44:47.094 16098 16098 D AndroidRuntime: >>>>>> START com.android.internal.os.RuntimeInit uid 2000 <<<<<<
12-10 07:44:47.102 16098 16098 D AndroidRuntime: CheckJNI is OFF
12-10 07:44:47.173 16098 16098 D ICU     : No timezone override file found: /data/misc/zoneinfo/current/icu/icu_tzdata.dat
12-10 07:44:47.263 16098 16098 I Radio-JNI: register_android_hardware_Radio DONE
12-10 07:44:47.300 16098 16098 D AndroidRuntime: Calling main entry com.android.commands.am.Am
12-10 07:44:47.304   784  1663 I ActivityManager: Force stopping com.thinkman.tbsx5test appid=10092 user=0: from pid 16098
12-10 07:44:47.304   784  1663 I ActivityManager: Killing 15774:com.thinkman.tbsx5test/u0a92 (adj 0): stop com.thinkman.tbsx5test
12-10 07:44:47.344   784   980 D GraphicsStats: Buffer count: 5
12-10 07:44:47.345   784   980 I WindowState: WIN DEATH: Window{97ec3e8 u0 com.thinkman.tbsx5test/com.thinkman.tbsx5test.MainActivity}
12-10 07:44:47.510   784  1663 E libprocessgroup: failed to kill 1 processes for processgroup 15774
12-10 07:44:47.511   784  1663 D ActivityManager: cleanUpApplicationRecord -- 15774
12-10 07:44:47.511   784  1663 W ActivityManager: Force removing ActivityRecord{cece96b u0 com.thinkman.tbsx5test/.MainActivity t263}: app died, no saved state
12-10 07:44:47.526 16098 16098 D AndroidRuntime: Shutting down VM
12-10 07:44:47.526   784   794 W ActivityManager: Spurious death for ProcessRecord{39a2afb 0:com.thinkman.tbsx5test/u0a92}, curProc for 15774: null
12-10 07:44:47.602   784   795 W InputMethodManagerService: Got RemoteException sending setActive(false) notification to pid 15774 uid 10092
12-10 07:44:47.603  1439  1439 I Keyboard.Facilitator: onFinishInput()
12-10 07:44:47.598   795   795 W Binder_2: type=1400 audit(0.0:8138): avc: denied { ioctl } for path="socket:[17428]" dev="sockfs" ino=17428 ioctlcmd=7704 scontext=u:r:system_server:s0 tcontext=u:r:system_server:s0 tclass=unix_stream_socket permissive=0
12-10 07:44:47.598   795   795 W Binder_2: type=1400 audit(0.0:8139): avc: denied { ioctl } for path="socket:[17428]" dev="sockfs" ino=17428 ioctlcmd=7704 scontext=u:r:system_server:s0 tcontext=u:r:system_server:s0 tclass=unix_stream_socket permissive=0
12-10 07:44:47.679 15129 15129 W LocationOracleImpl: Best location was null
12-10 07:44:47.726 15129 16120 I MicroRecognitionRnrImpl: Starting detection.
12-10 07:44:47.729 15129 16121 I MicrophoneInputStream: mic_starting com.google.android.apps.gsa.speech.audio.x@217b4c4
12-10 07:44:47.732   197 16124 I AudioFlinger: AudioFlinger's thread 0xb28c0000 ready to run
12-10 07:44:47.736   784   793 I art     : Background partial concurrent mark sweep GC freed 85841(4MB) AllocSpace objects, 5(100KB) LOS objects, 33% free, 30MB/46MB, paused 1.739ms total 124.725ms
12-10 07:44:47.743 15129 16121 I MicrophoneInputStream: mic_started com.google.android.apps.gsa.speech.audio.x@217b4c4
12-10 07:44:47.752   197 16124 D audio_hw_primary: select_devices: out_snd_device(0: none) in_snd_device(61: voice-rec-mic)
12-10 07:44:47.752   197 16124 D msm8974_platform: platform_send_audio_calibration: sending audio calibration for snd_device(61) acdb_id(62)
12-10 07:44:47.752   197 16124 D         : Failed to fetch the lookup information of the device 0000003E 
12-10 07:44:47.752   197 16124 E ACDB-LOADER: Error: ACDB AudProc vol returned = -19
12-10 07:44:47.752   197 16124 D audio_hw_primary: enable_snd_device: snd_device(61: voice-rec-mic)
12-10 07:44:47.758   197 16124 D audio_hw_primary: enable_audio_route: apply and update mixer path: audio-record
12-10 07:44:47.761  1805  1892 W GCoreFlp: No location to return for getLastLocation()
12-10 07:44:47.793  1805  1892 W GCoreFlp: No location to return for getLastLocation()
12-10 07:44:47.808  1805  1892 W GCoreFlp: No location to return for getLastLocation()
12-10 07:44:47.843  1805  1892 D GCoreFlp: FLP HAL exists but batch size is <= 0.  Disabling FLP HAL.
12-10 07:44:47.843 15129 15129 I HotwordWorkerImpl: onReady
12-10 07:44:47.851   784   795 D WifiService: acquireWifiLockLocked: WifiLock{NlpWifiLock type=2 binder=android.os.BinderProxy@ec418cb}
12-10 07:44:47.853   784   906 D wifi    : Initialized common fields 10000, 16, 100, 10
12-10 07:44:47.853   784   906 D wifi    : bucket[0] = 2:3:10000:2
12-10 07:44:47.855  1805  1892 W GCoreFlp: No location to return for getLastLocation()
12-10 07:44:47.881   784   795 D WifiService: releaseWifiLockLocked: WifiLock{NlpWifiLock type=2 binder=android.os.BinderProxy@ec418cb}
